The new artifact "libimobiledevice" was downloaded, but Flutter failed to update its stamp file, receiving the error "FileSystemException: Cannot open file, path = '/opt/handrail/.handrail/flutter-sdk/bin/cache/libimobiledevice.stamp' (OS Error: Read-only file system, errno = 30)". Flutter can continue, but the artifact may be re-downloaded on subsequent invocations until the problem is resolved.
The new artifact "libusbmuxd" was downloaded, but Flutter failed to update its stamp file, receiving the error "FileSystemException: Cannot open file, path = '/opt/handrail/.handrail/flutter-sdk/bin/cache/libusbmuxd.stamp' (OS Error: Read-only file system, errno = 30)". Flutter can continue, but the artifact may be re-downloaded on subsequent invocations until the problem is resolved.
00:00 +0: loading /opt/handrail/repos/handrail/handrail-ai-assistant-sdk/handrail-sdk-ai-assistant-flutter/packages/handrail_ai_widgets/test/conversation_transcript_test.dart
00:00 +0: /opt/handrail/repos/handrail/handrail-ai-assistant-sdk/handrail-sdk-ai-assistant-flutter/packages/handrail_ai_widgets/test/conversation_transcript_test.dart: saved cancellation presents user
00:00 +1: /opt/handrail/repos/handrail/handrail-ai-assistant-sdk/handrail-sdk-ai-assistant-flutter/packages/handrail_ai_widgets/test/conversation_transcript_test.dart: saved cancellation presents timeout
00:00 +2: /opt/handrail/repos/handrail/handrail-ai-assistant-sdk/handrail-sdk-ai-assistant-flutter/packages/handrail_ai_widgets/test/conversation_transcript_test.dart: saved cancellation presents superseded
00:00 +3: /opt/handrail/repos/handrail/handrail-ai-assistant-sdk/handrail-sdk-ai-assistant-flutter/packages/handrail_ai_widgets/test/conversation_transcript_test.dart: saved cancellation presents runtime_shutdown
00:01 +4: /opt/handrail/repos/handrail/handrail-ai-assistant-sdk/handrail-sdk-ai-assistant-flutter/packages/handrail_ai_widgets/test/conversation_transcript_test.dart: executed A and declined B stay settled while actual failures remain visible (partial=false)
00:01 +5: /opt/handrail/repos/handrail/handrail-ai-assistant-sdk/handrail-sdk-ai-assistant-flutter/packages/handrail_ai_widgets/test/conversation_transcript_test.dart: executed A and declined B stay settled while actual failures remain visible (partial=true)
00:01 +6: /opt/handrail/repos/handrail/handrail-ai-assistant-sdk/handrail-sdk-ai-assistant-flutter/packages/handrail_ai_widgets/test/conversation_transcript_test.dart: answer takes over progress and keeps tool details before its response
00:01 +7: /opt/handrail/repos/handrail/handrail-ai-assistant-sdk/handrail-sdk-ai-assistant-flutter/packages/handrail_ai_widgets/test/conversation_transcript_test.dart: delivery feedback reconciles the saved message without duplicate bubbles
00:01 +8: /opt/handrail/repos/handrail/handrail-ai-assistant-sdk/handrail-sdk-ai-assistant-flutter/packages/handrail_ai_widgets/test/conversation_transcript_test.dart: current tool names and changing status remain visible with activity collapsed
00:01 +9: /opt/handrail/repos/handrail/handrail-ai-assistant-sdk/handrail-sdk-ai-assistant-flutter/packages/handrail_ai_widgets/test/conversation_transcript_test.dart: standard transcript uses bounded pages with citations, activity and no duplicate selection
00:02 +10: /opt/handrail/repos/handrail/handrail-ai-assistant-sdk/handrail-sdk-ai-assistant-flutter/packages/handrail_ai_widgets/test/conversation_transcript_test.dart: branding preserves operational message identity (false)
00:02 +11: /opt/handrail/repos/handrail/handrail-ai-assistant-sdk/handrail-sdk-ai-assistant-flutter/packages/handrail_ai_widgets/test/conversation_transcript_test.dart: branding preserves operational message identity (true)
00:03 +12: /opt/handrail/repos/handrail/handrail-ai-assistant-sdk/handrail-sdk-ai-assistant-flutter/packages/handrail_ai_widgets/test/conversation_transcript_test.dart: message-link policy is independent of a citation resolver veto (false)
00:03 +13: /opt/handrail/repos/handrail/handrail-ai-assistant-sdk/handrail-sdk-ai-assistant-flutter/packages/handrail_ai_widgets/test/conversation_transcript_test.dart: message-link policy is independent of a citation resolver veto (true)
00:03 +14: /opt/handrail/repos/handrail/handrail-ai-assistant-sdk/handrail-sdk-ai-assistant-flutter/packages/handrail_ai_widgets/test/conversation_transcript_test.dart: user, system and tool message text stays literal
00:03 +15: /opt/handrail/repos/handrail/handrail-ai-assistant-sdk/handrail-sdk-ai-assistant-flutter/packages/handrail_ai_widgets/test/conversation_transcript_test.dart: protected copy reports an accessible failure and retries exact visible text
00:03 +16: /opt/handrail/repos/handrail/handrail-ai-assistant-sdk/handrail-sdk-ai-assistant-flutter/packages/handrail_ai_widgets/test/conversation_transcript_test.dart: a stale copy failure cannot replace a later success
00:03 +17: /opt/handrail/repos/handrail/handrail-ai-assistant-sdk/handrail-sdk-ai-assistant-flutter/packages/handrail_ai_widgets/test/conversation_transcript_test.dart: minimal transcript supplies Markdown, safe citations, copy, results and private activity
00:03 +18: /opt/handrail/repos/handrail/handrail-ai-assistant-sdk/handrail-sdk-ai-assistant-flutter/packages/handrail_ai_widgets/test/conversation_transcript_test.dart: new replies preserve a scrolled-up position and become read at the visible end
00:03 +19: /opt/handrail/repos/handrail/handrail-ai-assistant-sdk/handrail-sdk-ai-assistant-flutter/packages/handrail_ai_widgets/test/conversation_transcript_test.dart: covered and background replies become read only when the transcript is visible
00:03 +20: /opt/handrail/repos/handrail/handrail-ai-assistant-sdk/handrail-sdk-ai-assistant-flutter/packages/handrail_ai_widgets/test/conversation_transcript_test.dart: a prior conversation retry cannot unlock a later retry
00:04 +21: /opt/handrail/repos/handrail/handrail-ai-assistant-sdk/handrail-sdk-ai-assistant-flutter/packages/handrail_ai_widgets/test/conversation_transcript_test.dart: custom domain formatting retains SDK account isolation and visible read lifecycle
00:04 +22: /opt/handrail/repos/handrail/handrail-ai-assistant-sdk/handrail-sdk-ai-assistant-flutter/packages/handrail_ai_widgets/test/conversation_transcript_test.dart: account replacement clears old content and error recovery works with large text
00:04 +23: loading /opt/handrail/repos/handrail/handrail-ai-assistant-sdk/handrail-sdk-ai-assistant-flutter/packages/handrail_ai_widgets/test/display_transcript_test.dart
00:04 +23: /opt/handrail/repos/handrail/handrail-ai-assistant-sdk/handrail-sdk-ai-assistant-flutter/packages/handrail_ai_widgets/test/display_transcript_test.dart: default transcript reads large text on demand and retains one bounded section
00:06 +24: /opt/handrail/repos/handrail/handrail-ai-assistant-sdk/handrail-sdk-ai-assistant-flutter/packages/handrail_ai_widgets/test/display_transcript_test.dart: scope replacement aborts large text reads and cannot expose their late content
00:06 +25: /opt/handrail/repos/handrail/handrail-ai-assistant-sdk/handrail-sdk-ai-assistant-flutter/packages/handrail_ai_widgets/test/display_transcript_test.dart: a changed large message requires explicit reload without displaying mixed revisions
00:06 +26: /opt/handrail/repos/handrail/handrail-ai-assistant-sdk/handrail-sdk-ai-assistant-flutter/packages/handrail_ai_widgets/test/display_transcript_test.dart: session-owned windows restore durable anchors without another initial read
00:06 +27: /opt/handrail/repos/handrail/handrail-ai-assistant-sdk/handrail-sdk-ai-assistant-flutter/packages/handrail_ai_widgets/test/display_transcript_test.dart: polls transient failures only in the foreground and stops at permission errors
00:06 +28: /opt/handrail/repos/handrail/handrail-ai-assistant-sdk/handrail-sdk-ai-assistant-flutter/packages/handrail_ai_widgets/test/display_transcript_test.dart: loads one selected page, anchors prepend and delayed layout, bounds rows
00:07 +29: /opt/handrail/repos/handrail/handrail-ai-assistant-sdk/handrail-sdk-ai-assistant-flutter/packages/handrail_ai_widgets/test/display_transcript_test.dart: virtualized bodies keep their visible anchor through width changes and remount on navigation
00:07 +30: /opt/handrail/repos/handrail/handrail-ai-assistant-sdk/handrail-sdk-ai-assistant-flutter/packages/handrail_ai_widgets/test/display_transcript_test.dart: switches immediately, ignores old scope changes and cancels on unmount
00:07 +31: /opt/handrail/repos/handrail/handrail-ai-assistant-sdk/handrail-sdk-ai-assistant-flutter/packages/handrail_ai_widgets/test/display_transcript_test.dart: keeps errors retryable and deferred content explicit without auto reads
00:07 +32: /opt/handrail/repos/handrail/handrail-ai-assistant-sdk/handrail-sdk-ai-assistant-flutter/packages/handrail_ai_widgets/test/display_transcript_test.dart: restores account-scoped message positions and foreground latest acknowledgements
00:07 +33: /opt/handrail/repos/handrail/handrail-ai-assistant-sdk/handrail-sdk-ai-assistant-flutter/packages/handrail_ai_widgets/test/display_transcript_test.dart: keeps narrow scaled text accessible and never announces hidden pages as read
00:07 +34: loading /opt/handrail/repos/handrail/handrail-ai-assistant-sdk/handrail-sdk-ai-assistant-flutter/packages/handrail_ai_widgets/test/assistant_workspace_test.dart
00:08 +34: /opt/handrail/repos/handrail/handrail-ai-assistant-sdk/handrail-sdk-ai-assistant-flutter/packages/handrail_ai_widgets/test/assistant_workspace_test.dart: verified selected deletion clears the composer on publication
00:09 +35: /opt/handrail/repos/handrail/handrail-ai-assistant-sdk/handrail-sdk-ai-assistant-flutter/packages/handrail_ai_widgets/test/assistant_workspace_test.dart: standard binding restores files and exposes retry at width 390.0, scale 1.0
00:09 +36: /opt/handrail/repos/handrail/handrail-ai-assistant-sdk/handrail-sdk-ai-assistant-flutter/packages/handrail_ai_widgets/test/assistant_workspace_test.dart: standard binding restores files and exposes retry at width 320.0, scale 2.0
00:10 +37: /opt/handrail/repos/handrail/handrail-ai-assistant-sdk/handrail-sdk-ai-assistant-flutter/packages/handrail_ai_widgets/test/assistant_workspace_test.dart: standard binding captures durable origins and owns replay cleanup outside the view
00:10 +38: /opt/handrail/repos/handrail/handrail-ai-assistant-sdk/handrail-sdk-ai-assistant-flutter/packages/handrail_ai_widgets/test/assistant_workspace_test.dart: capacity errors keep the editor usable and are announced
00:10 +39: /opt/handrail/repos/handrail/handrail-ai-assistant-sdk/handrail-sdk-ai-assistant-flutter/packages/handrail_ai_widgets/test/assistant_workspace_test.dart: standard composer restores encrypted-adapter text and presents save failure/retry without losing edits
00:10 +40: /opt/handrail/repos/handrail/handrail-ai-assistant-sdk/handrail-sdk-ai-assistant-flutter/packages/handrail_ai_widgets/test/assistant_workspace_test.dart: account replacement excludes a late Clear confirmation
00:10 +41: /opt/handrail/repos/handrail/handrail-ai-assistant-sdk/handrail-sdk-ai-assistant-flutter/packages/handrail_ai_widgets/test/assistant_workspace_test.dart: single conversation Clear is explicit and preserves drafts at width 390.0
00:11 +42: /opt/handrail/repos/handrail/handrail-ai-assistant-sdk/handrail-sdk-ai-assistant-flutter/packages/handrail_ai_widgets/test/assistant_workspace_test.dart: single conversation Clear is explicit and preserves drafts at width 1200.0
00:11 +43: /opt/handrail/repos/handrail/handrail-ai-assistant-sdk/handrail-sdk-ai-assistant-flutter/packages/handrail_ai_widgets/test/assistant_workspace_test.dart: default workspace request passes the installed JS protocol parser
00:11 +44: /opt/handrail/repos/handrail/handrail-ai-assistant-sdk/handrail-sdk-ai-assistant-flutter/packages/handrail_ai_widgets/test/assistant_workspace_test.dart: platform editor hooks preserve the shared composer
00:12 +45: /opt/handrail/repos/handrail/handrail-ai-assistant-sdk/handrail-sdk-ai-assistant-flutter/packages/handrail_ai_widgets/test/assistant_workspace_test.dart: pending approval remains visible without messages or tool activity
00:12 +46: /opt/handrail/repos/handrail/handrail-ai-assistant-sdk/handrail-sdk-ai-assistant-flutter/packages/handrail_ai_widgets/test/assistant_workspace_test.dart: confirmed deletion discards only that conversation’s drafts and files
00:12 +47: /opt/handrail/repos/handrail/handrail-ai-assistant-sdk/handrail-sdk-ai-assistant-flutter/packages/handrail_ai_widgets/test/assistant_workspace_test.dart: clearing account drafts while expanded detaches the old editor safely
00:12 +48: /opt/handrail/repos/handrail/handrail-ai-assistant-sdk/handrail-sdk-ai-assistant-flutter/packages/handrail_ai_widgets/test/assistant_workspace_test.dart: hides the routine counter but explains an overlong draft
00:12 +49: /opt/handrail/repos/handrail/handrail-ai-assistant-sdk/handrail-sdk-ai-assistant-flutter/packages/handrail_ai_widgets/test/assistant_workspace_test.dart: business slots and editor settings retain default controls and submission gates
00:13 +50: /opt/handrail/repos/handrail/handrail-ai-assistant-sdk/handrail-sdk-ai-assistant-flutter/packages/handrail_ai_widgets/test/assistant_workspace_test.dart: minimal workspace supplies history, transcript, voice, files and admission-safe sending
00:13 +51: /opt/handrail/repos/handrail/handrail-ai-assistant-sdk/handrail-sdk-ai-assistant-flutter/packages/handrail_ai_widgets/test/assistant_workspace_test.dart: upload preserves origin, context, approval and later conversation drafts
00:13 +52: /opt/handrail/repos/handrail/handrail-ai-assistant-sdk/handrail-sdk-ai-assistant-flutter/packages/handrail_ai_widgets/test/assistant_workspace_test.dart: replacement account excludes late admission and resets approval controls
00:13 +53: /opt/handrail/repos/handrail/handrail-ai-assistant-sdk/handrail-sdk-ai-assistant-flutter/packages/handrail_ai_widgets/test/assistant_workspace_test.dart: an account change closes approval settings from the previous account
00:13 +54: /opt/handrail/repos/handrail/handrail-ai-assistant-sdk/handrail-sdk-ai-assistant-flutter/packages/handrail_ai_widgets/test/assistant_workspace_test.dart: default workspace remains usable at width 320.0 and text scale 2.0
00:13 +55: /opt/handrail/repos/handrail/handrail-ai-assistant-sdk/handrail-sdk-ai-assistant-flutter/packages/handrail_ai_widgets/test/assistant_workspace_test.dart: default workspace remains usable at width 1000.0 and text scale 1.0
00:13 +56: loading /opt/handrail/repos/handrail/handrail-ai-assistant-sdk/handrail-sdk-ai-assistant-flutter/tool/display_polling_test.dart
00:14 +56: /opt/handrail/repos/handrail/handrail-ai-assistant-sdk/handrail-sdk-ai-assistant-flutter/tool/display_polling_test.dart: latest completion preserves a 50.0 pixel pause (queued: false)
00:15 +57: /opt/handrail/repos/handrail/handrail-ai-assistant-sdk/handrail-sdk-ai-assistant-flutter/tool/display_polling_test.dart: latest completion preserves a 700.0 pixel pause (queued: false)
00:16 +58: /opt/handrail/repos/handrail/handrail-ai-assistant-sdk/handrail-sdk-ai-assistant-flutter/tool/display_polling_test.dart: latest completion preserves a 50.0 pixel pause (queued: true)
00:16 +59: /opt/handrail/repos/handrail/handrail-ai-assistant-sdk/handrail-sdk-ai-assistant-flutter/tool/display_polling_test.dart: latest completion preserves a 700.0 pixel pause (queued: true)
00:16 +60: /opt/handrail/repos/handrail/handrail-ai-assistant-sdk/handrail-sdk-ai-assistant-flutter/tool/display_polling_test.dart: Jump stays enabled during session refresh and serializes navigation
00:16 +61: /opt/handrail/repos/handrail/handrail-ai-assistant-sdk/handrail-sdk-ai-assistant-flutter/tool/display_polling_test.dart: Jump stays enabled during widget polling and serializes navigation
00:16 +62: All tests passed!
