00:00 +0: loading test/related_coverage_test.dart
00:00 +0: test/related_coverage_test.dart: merged context7 covers the next fresh control7 and empty changes
00:00 +1: test/related_coverage_test.dart: partial context still hydrates context
00:00 +2: test/related_coverage_test.dart: multiple groups still hydrates context
00:00 +3: test/related_coverage_test.dart: all groups loaded still hydrates context
00:00 +4: test/related_coverage_test.dart: deferred context still hydrates context
00:00 +5: test/related_coverage_test.dart: partial changes still hydrates context
00:00 +6: test/related_coverage_test.dart: nonempty identical changes still hydrates context
00:00 +7: test/related_coverage_test.dart: same-revision window replacement still hydrates context
00:00 +8: test/related_coverage_test.dart: workspace selection round trip still hydrates context
00:00 +9: test/related_coverage_test.dart: navigation attempt still hydrates context
00:00 +10: test/related_coverage_test.dart: generation still hydrates context
00:00 +11: test/related_coverage_test.dart: turn membership still hydrates context
00:00 +12: test/related_coverage_test.dart: control 401 spends coverage and retains error behavior
00:00 +13: test/related_coverage_test.dart: control 403 spends coverage and retains error behavior
00:00 +14: test/related_coverage_test.dart: control 429 spends coverage and retains error behavior
00:00 +15: test/related_coverage_test.dart: control 500 spends coverage and retains error behavior
00:00 +16: test/related_coverage_test.dart: control protocol spends coverage and retains error behavior
00:00 +17: test/related_coverage_test.dart: changes 401 spends coverage and retains error behavior
00:00 +18: test/related_coverage_test.dart: changes 403 spends coverage and retains error behavior
00:00 +19: test/related_coverage_test.dart: changes 429 spends coverage and retains error behavior
00:00 +20: test/related_coverage_test.dart: changes 500 spends coverage and retains error behavior
00:00 +21: test/related_coverage_test.dart: changes protocol spends coverage and retains error behavior
00:00 +22: test/related_coverage_test.dart: late context for a replaced same-revision window is not merged
00:00 +23: test/related_coverage_test.dart: late context success after disposal cannot publish or seed another session
00:00 +24: test/related_coverage_test.dart: late context failure after replacement does not poison new selection
00:00 +25: test/related_coverage_test.dart: an overlapping approval read makes context coverage ineligible
00:00 +26: test/related_coverage_test.dart: failed context does not stamp the initiating control as merged
00:00 +27: test/related_coverage_test.dart: capability sharing stays ineligible without a policy lifetime
00:00 +28: loading test/approval_decisions_test.dart
00:00 +28: test/approval_decisions_test.dart: loads bound executed history after reload without renewing decision controls
00:00 +29: test/approval_decisions_test.dart: loads bound rejected history after reload without renewing decision controls
00:00 +30: test/approval_decisions_test.dart: loads bound expired history after reload without renewing decision controls
00:00 +31: test/approval_decisions_test.dart: loads bound failed history after reload without renewing decision controls
00:00 +32: test/approval_decisions_test.dart: loads bound confirmed history after reload without renewing decision controls
00:00 +33: test/approval_decisions_test.dart: loads bound executing history after reload without renewing decision controls
00:00 +34: test/approval_decisions_test.dart: review gates confirmation and exact receipt is not execution
00:00 +35: test/approval_decisions_test.dart: lost reply retains exact decision across restart; opposite choice blocked
00:00 +36: test/approval_decisions_test.dart: version conflict discards review, never silently retries new version
00:00 +37: test/approval_decisions_test.dart: mismatched receipt remains uncertain and blocks conversation deletion
00:00 +38: test/approval_decisions_test.dart: opaque arguments require trusted complete host review
00:00 +39: test/approval_decisions_test.dart: late review cannot cross selection or sign out
00:00 +40: test/approval_decisions_test.dart: changed arguments invalidate a cached review even at the same version
00:00 +41: test/approval_decisions_test.dart: domain permission veto cannot be overridden by complete review
00:00 +42: test/approval_decisions_test.dart: failed durable write prevents dispatch
00:00 +43: test/approval_decisions_test.dart: two stores sharing an account atomically reject opposite saved decisions
00:00 +44: test/approval_decisions_test.dart: concurrent controller adopts the original durable choice before retry
00:00 +45: test/approval_decisions_test.dart: sign out while saving intent prevents dispatch; saved choice resumes only in that account
00:00 +46: test/approval_decisions_test.dart: pending approvals have no deadline, including older timestamped proposals
00:00 +47: test/approval_decisions_test.dart: historical expired or unavailable approval capability never dispatches
00:00 +48: loading test/submission_gateway_test.dart
00:01 +48: test/submission_gateway_test.dart: (setUpAll)
00:01 +48: test/submission_gateway_test.dart: headless file receipt recovery uses metadata only after interrupted byte cleanup
00:01 +49: test/submission_gateway_test.dart: exact draft cleanup recovers partial device failure through the real gateway
00:01 +50: test/submission_gateway_test.dart: deletion replays a lost real-gateway receipt after controller restart
00:01 +51: test/submission_gateway_test.dart: approval lost reply recovers exact decision after execution advances through the real JS gateway
00:01 +52: test/submission_gateway_test.dart: shared assistant controller creates, sends, archives and restores through the real gateway
00:01 +53: test/submission_gateway_test.dart: real indexed history pages stay bounded and do not replace canonical context
  Skip: Requires explicit local SDK source qualification with PostgreSQL stores.
00:01 +53 ~1: test/submission_gateway_test.dart: oversized review uses compact durable receipts through the real JS gateway
  Skip: Requires local SDK source qualification with PostgreSQL.
00:01 +53 ~2: test/submission_gateway_test.dart: large message reader uses bounded plaintext HTTP and rejects content after deletion
  Skip: Requires explicit local SDK source qualification with PostgreSQL stores.
00:01 +53 ~3: test/submission_gateway_test.dart: Stop queued before admission targets its original chat; failed cancel=false
00:01 +54 ~3: test/submission_gateway_test.dart: Stop queued before admission targets its original chat; failed cancel=true
00:02 +55 ~3: test/submission_gateway_test.dart: cancelling a completion wait leaves the server turn running and reusable
00:02 +56 ~3: test/submission_gateway_test.dart: closing the account settles terminal observers without cancelling server work
00:02 +57 ~3: test/submission_gateway_test.dart: file-only draft admits durable attachment metadata without an empty content violation
00:02 +58 ~3: test/submission_gateway_test.dart: admission is atomic, concurrent submit deduplicates, reload resumes and completed retries never restart
00:02 +59 ~3: test/submission_gateway_test.dart: independent threads finish unread after disconnect and read acknowledgement survives reload
00:02 +60 ~3: test/submission_gateway_test.dart: attachment references are admitted with their message before execution
00:02 +61 ~3: test/submission_gateway_test.dart: pending journal is saved before admission and recovered after lost start acknowledgement
00:02 +62 ~3: test/submission_gateway_test.dart: lost local journal acknowledgement cannot replace the saved request
00:02 +63 ~3: test/submission_gateway_test.dart: lost admission response reuses persisted intent after session recreation
00:02 +64 ~3: test/submission_gateway_test.dart: lost start response reuses persisted intent after session recreation
00:02 +65 ~3: test/submission_gateway_test.dart: changed payload under a reused identity is refused before a second execution
00:02 +66 ~3: test/submission_gateway_test.dart: (tearDownAll)
00:02 +66 ~3: loading test/session_test.dart
00:02 +66 ~3: test/session_test.dart: outgoing feedback precedes slow preflight and disappears on pre-admission failure
00:03 +67 ~3: test/session_test.dart: approval waits restore without a running observer and leave comments available
00:03 +68 ~3: test/session_test.dart: disconnect aborts pending response headers without closing the shared HTTP client
00:03 +69 ~3: test/session_test.dart: reload resumes an existing turn, then canonical completion and read acknowledgement win
00:03 +70 ~3: test/session_test.dart: overlapping refreshes share a request and disposal rejects late results
00:03 +71 ~3: test/session_test.dart: a delayed read response keeps a newer failed result unread
00:03 +72 ~3: test/session_test.dart: an expired upload rejects admission without a retry or provider start
00:03 +73 ~3: test/session_test.dart: a failed synchronization keeps the last known server run
00:03 +74 ~3: test/session_test.dart: cancellation requests do not report idle before server confirmation
00:03 +75 ~3: test/session_test.dart: initial transient failure keeps polling until recovery
00:08 +76 ~3: test/session_test.dart: canonical snapshots reject cross-conversation or replay-error evidence and retain immutable data
00:08 +77 ~3: loading test/attachment_drafts_test.dart
00:08 +77 ~3: test/attachment_drafts_test.dart: persists immutable source once and restores only the selected account/chat
00:08 +78 ~3: test/attachment_drafts_test.dart: captures new caller bytes before the first asynchronous storage operation
00:08 +79 ~3: test/attachment_drafts_test.dart: binary acknowledgement loss retains old rows and journals staged-source cleanup
00:08 +80 ~3: test/attachment_drafts_test.dart: uncertain manifest commit recovers authoritative state: landed=false
00:08 +81 ~3: test/attachment_drafts_test.dart: uncertain manifest commit recovers authoritative state: landed=true
00:08 +82 ~3: test/attachment_drafts_test.dart: cleanup failure remains durable and retry never hydrates deleted sources
00:08 +83 ~3: test/attachment_drafts_test.dart: separate same-scope writers conflict and exact cleanup preserves other scopes
00:08 +84 ~3: test/attachment_drafts_test.dart: confirmed deletion fences old writers even when source cleanup initially fails
00:08 +85 ~3: test/attachment_drafts_test.dart: caps files and conversations without reading bodies or evicting work
00:08 +86 ~3: test/attachment_drafts_test.dart: checks source integrity and refuses cleanup keys outside the account
00:08 +87 ~3: test/attachment_drafts_test.dart: key-value fallback persists separated bytes with identical cleanup semantics
00:08 +88 ~3: loading test/realtime_workspace_test.dart
00:08 +88 ~3: test/realtime_workspace_test.dart: listener scope changes deliver every state in order to all listeners
00:08 +89 ~3: test/realtime_workspace_test.dart: a listener can dispose during loading without more reads or events
00:08 +90 ~3: test/realtime_workspace_test.dart: oversized scopes fence late reads, retain evidence and recover on a valid scope
00:08 +91 ~3: test/realtime_workspace_test.dart: invalid references retain stale evidence without leaking rejected values
00:08 +92 ~3: test/realtime_workspace_test.dart: parses only valid public workspace records
00:08 +93 ~3: test/realtime_workspace_test.dart: discovers independent paged calls and retained unread without acknowledging them
00:08 +94 ~3: test/realtime_workspace_test.dart: retains all evidence on failures, foreign calls, missing pages and lifecycle regression
00:08 +95 ~3: test/realtime_workspace_test.dart: joins reads and drops late replies after scope changes or disposal
00:08 +96 ~3: test/realtime_workspace_test.dart: chunks large catalogs and stops on repeated cursors without publishing partial state
00:08 +97 ~3: loading test/handrail_ai_client_test.dart
00:09 +97 ~3: test/handrail_ai_client_test.dart: attachment file parts preserve the declared supported media type
00:09 +98 ~3: test/handrail_ai_client_test.dart: reduces typed cross-platform turn state and calls thread resources
00:09 +99 ~3: test/handrail_ai_client_test.dart: negotiates capabilities and parses SSE frames
00:09 +100 ~3: test/handrail_ai_client_test.dart: terminal frames preserve server status while disconnection only ends observation
00:09 +101 ~3: test/handrail_ai_client_test.dart: workspace keeps background conversations running and marks completion unread
00:09 +102 ~3: test/handrail_ai_client_test.dart: reports safe gateway diagnostics for resource failures
00:09 +103 ~3: test/handrail_ai_client_test.dart: replay deduplicates text and old turns cannot overwrite a new turn
00:09 +104 ~3: test/handrail_ai_client_test.dart: server completion and read state override stale open state, rejecting older activity
00:09 +105 ~3: test/handrail_ai_client_test.dart: stale same-turn activity cannot revive canonical completion
00:09 +106 ~3: test/handrail_ai_client_test.dart: truncated turn streams report disconnected with the last durable checkpoint
00:09 +107 ~3: test/handrail_ai_client_test.dart: loads typed cross-device activity records
00:09 +108 ~3: test/handrail_ai_client_test.dart: streams typed cross-device activity records
00:09 +109 ~3: loading test/assistant_observation_test.dart
00:09 +109 ~3: test/assistant_observation_test.dart: one account cycle coalesces activity and skips idle unselected sessions
00:09 +110 ~3: test/assistant_observation_test.dart: failed activity retains unread evidence and late disposal replies stay discarded
00:09 +111 ~3: loading test/conversation_permissions_test.dart
00:09 +111 ~3: test/conversation_permissions_test.dart: read-only catalog loads without automatic creation or writes (empty false)
00:09 +112 ~3: test/conversation_permissions_test.dart: read-only catalog loads without automatic creation or writes (empty true)
00:09 +113 ~3: test/conversation_permissions_test.dart: metadata sampling cannot dispatch creation after permission changes
00:09 +114 ~3: test/conversation_permissions_test.dart: archive rechecks permission after reading its target descriptor
00:09 +115 ~3: test/conversation_permissions_test.dart: revocation during deletion journaling prevents dispatch and preserves exact recovery intent
00:09 +116 ~3: loading test/display_history_test.dart
00:09 +116 ~3: test/display_history_test.dart: negotiated content (false) enforces encoding, Unicode offsets and revision binding
00:09 +117 ~3: test/display_history_test.dart: negotiated content (true) enforces encoding, Unicode offsets and revision binding
00:09 +118 ~3: test/display_history_test.dart: reads bounded changes with tombstones and preserves the paging watermark
00:09 +119 ~3: test/display_history_test.dart: negotiates display history without treating a partial page as a canonical snapshot
00:09 +120 ~3: test/display_history_test.dart: uses protected requests and keeps paging explicit
00:09 +121 ~3: test/display_history_test.dart: preserves explicit clear/content conflicts and rejects wrong-account response identities
00:09 +122 ~3: test/display_history_test.dart: reads Unicode content using server offsets and rejects mixed revisions
00:09 +123 ~3: test/display_history_test.dart: cancels an obsolete selection while credentials are pending without issuing a request
00:09 +124 ~3: test/display_history_test.dart: rejects oversized responses before parsing content
00:09 +125 ~3: loading test/pending_approval_inbox_test.dart
00:10 +125 ~3: test/pending_approval_inbox_test.dart: old approval discovery and bound review use the durable decision path without transcript hydration
00:10 +126 ~3: test/pending_approval_inbox_test.dart: page replacement and close cancel held reads and clear inbox across chat selection
00:10 +127 ~3: test/pending_approval_inbox_test.dart: deferred tool details cannot authorize confirmation
00:10 +128 ~3: loading test/attachment_download_test.dart
00:10 +128 ~3: test/attachment_download_test.dart: negotiates protected saved reads independently of upload and keeps old gateways compatible
00:10 +129 ~3: test/attachment_download_test.dart: rejects capability escapes before requesting authentication
00:10 +130 ~3: test/attachment_download_test.dart: rejects wrong MIME, changed size, oversized and empty bodies
00:10 +131 ~3: test/attachment_download_test.dart: bounds a streaming body and releases observation
00:10 +132 ~3: test/attachment_download_test.dart: cancels during authentication and excludes late bytes
00:10 +133 ~3: test/attachment_download_test.dart: cancels during fetch and excludes late bytes
00:10 +134 ~3: test/attachment_download_test.dart: cancels during body and excludes late bytes
00:10 +135 ~3: test/attachment_download_test.dart: bounds stalled reads with a deadline
00:10 +136 ~3: test/attachment_download_test.dart: maps expired and denied reads without exposing server payloads
00:10 +137 ~3: loading test/approval_review_lifetime_test.dart
00:10 +137 ~3: test/approval_review_lifetime_test.dart: acknowledged binding stays retired through failed refresh
00:10 +138 ~3: test/approval_review_lifetime_test.dart: conflicted binding stays retired through failed refresh
00:10 +139 ~3: test/approval_review_lifetime_test.dart: review finishing during rejection cannot outlive its decided binding
00:10 +140 ~3: test/approval_review_lifetime_test.dart: late review failure is bound to the current proposal
00:10 +141 ~3: test/approval_review_lifetime_test.dart: late review failure is bound to the old proposal
00:10 +142 ~3: loading test/display_session_test.dart
00:11 +142 ~3: test/display_session_test.dart: navigation during related refresh retains one automatic reconciliation
00:16 +143 ~3: test/display_session_test.dart: disposing a replacement page cancels both reads and fences late responses
00:16 +144 ~3: test/display_session_test.dart: a replacement selection completes the overlapping session refresh
00:16 +145 ~3: test/display_session_test.dart: history throttle backs off reads but preserves owned cancellation
00:17 +146 ~3: test/display_session_test.dart: stream event bursts cannot bypass the configured refresh interval
00:18 +147 ~3: test/display_session_test.dart: acknowledges delivery before a held history refresh and replaces the local echo by identity
00:18 +148 ~3: test/display_session_test.dart: clearing saved history releases an unprojected sent message
00:18 +149 ~3: test/display_session_test.dart: does not acknowledge uncertain admission
00:18 +150 ~3: test/display_session_test.dart: does not acknowledge rejected admission
00:18 +151 ~3: test/display_session_test.dart: presentation version changes for paging but not an unchanged poll
00:18 +152 ~3: test/display_session_test.dart: related state covers the retained window and ignores an obsolete activity page
00:19 +153 ~3: test/display_session_test.dart: a live removal overtakes a held activity page without resurrection
00:19 +154 ~3: test/display_session_test.dart: partial presentation pairs citations with retained sources across pages and removals
00:19 +155 ~3: test/display_session_test.dart: activity pages retain loaded records, apply live tombstones and explicitly bound memory
00:19 +156 ~3: test/display_session_test.dart: denied activity page clears all presentation and publishes a nonretryable error
00:19 +157 ~3: test/display_session_test.dart: long context references remain bounded and later groups load only on demand
00:19 +158 ~3: test/display_session_test.dart: standard session selects one bounded page and refreshes live text without snapshots or event replay
00:19 +159 ~3: test/display_session_test.dart: uses requested-turn controls for old completion and never restarts an admitted terminal turn
00:19 +160 ~3: test/display_session_test.dart: preparing blocks sends and revoked access evicts all visible content
00:19 +161 ~3: test/display_session_test.dart: disposal cancels a stalled bounded read and late completion cannot republish
00:19 +162 ~3: test/display_session_test.dart: immediate send changes witness: none during retain
00:19 +163 ~3: test/display_session_test.dart: immediate send changes witness: refresh during retain
00:19 +164 ~3: test/display_session_test.dart: immediate send changes witness: navigation during retain
00:19 +165 ~3: test/display_session_test.dart: sends through canonical admission and verifies the exact turn without loading the log
00:19 +166 ~3: loading test/transcription_test.dart
00:19 +166 ~3: test/transcription_test.dart: negotiates formats and rejects invalid limits or foreign endpoints
00:19 +167 ~3: test/transcription_test.dart: uses protected raw HTTP with stable request identity and no content diagnostics
00:19 +168 ~3: test/transcription_test.dart: cancellation excludes a late result without changing in-flight audio
00:19 +169 ~3: test/transcription_test.dart: response observation is bounded even when a transport ignores abort
00:19 +170 ~3: test/transcription_test.dart: safe outcome_unknown errors preserve retry policy and hide provider details
00:19 +171 ~3: test/transcription_test.dart: safe idempotency_conflict errors preserve retry policy and hide provider details
00:19 +172 ~3: test/transcription_test.dart: safe service_unavailable errors preserve retry policy and hide provider details
00:19 +173 ~3: test/transcription_test.dart: oversized responses and unsupported capture never expose body text
00:19 +174 ~3: loading test/display_window_test.dart
00:19 +174 ~3: test/display_window_test.dart: latest queues once behind changes and respects ready
00:19 +175 ~3: test/display_window_test.dart: latest queues once behind changes and respects select
00:19 +176 ~3: test/display_window_test.dart: latest queues once behind changes and respects dispose
00:19 +177 ~3: test/display_window_test.dart: latest queues once behind changes and respects stale_cursor
00:19 +178 ~3: test/display_window_test.dart: latest queues once behind changes and respects forbidden
00:19 +179 ~3: test/display_window_test.dart: latest queues once behind changes and respects unavailable
00:19 +180 ~3: test/display_window_test.dart: content (false) reads cancel on replacement, selection and disposal
00:19 +181 ~3: test/display_window_test.dart: content (true) reads cancel on replacement, selection and disposal
00:19 +182 ~3: test/display_window_test.dart: widget binding preserves anchor navigation, errors and selection cancellation
00:19 +183 ~3: test/display_window_test.dart: bounds retained messages, loads both directions, coalesces reads and restores an anchor
00:19 +184 ~3: test/display_window_test.dart: bounds bytes independently of the message-count limit
00:19 +185 ~3: test/display_window_test.dart: advances changes watermark only after the final page without disturbing the reading window
00:19 +186 ~3: test/display_window_test.dart: preserves a failed page for retry but evicts text after access revocation
00:19 +187 ~3: test/display_window_test.dart: switches while a transport is stalled and ignores its late completion
00:19 +188 ~3: loading test/conversation_drafts_test.dart
00:19 +188 ~3: test/conversation_drafts_test.dart: reloads account-scoped drafts and refuses stale writes or clears across adapters
00:19 +189 ~3: test/conversation_drafts_test.dart: bounds UTF-8 bytes and count without evicting unsent drafts
00:20 +190 ~3: test/conversation_drafts_test.dart: rejects malformed storage without replacing it
00:20 +191 ~3: loading test/realtime_calls_test.dart
00:20 +191 ~3: test/realtime_calls_test.dart: restores all pages and retains unfinished evidence after failed, partial or omitted reads
00:20 +192 ~3: test/realtime_calls_test.dart: serializes reads and ends, rejects stale reads and preserves confirmed terminal evidence
00:20 +193 ~3: test/realtime_calls_test.dart: keeps accepted and failed termination uncertain and rejects a foreign acknowledgement
00:20 +194 ~3: test/realtime_calls_test.dart: polling never overlaps a stalled read and stops on disposal
00:20 +195 ~3: test/realtime_calls_test.dart: isolates conversation monitors and discards late responses after disposal
00:20 +196 ~3: loading test/realtime_activity_test.dart
00:20 +196 ~3: test/realtime_activity_test.dart: pending approval is distinct from running and failed voice work
00:20 +197 ~3: test/realtime_activity_test.dart: read tokens must match the displayed call and counts
00:20 +198 ~3: test/realtime_activity_test.dart: acknowledges the displayed token without optimistically clearing newer outcomes
00:20 +199 ~3: test/realtime_activity_test.dart: queues a different displayed token behind an acknowledgement already in flight
00:20 +200 ~3: test/realtime_activity_test.dart: failed or disposed read acknowledgements retain evidence and never trigger a new request
00:20 +201 ~3: test/realtime_activity_test.dart: parses counts and optional details without accepting malformed state
00:20 +202 ~3: test/realtime_activity_test.dart: retains evidence on failed, foreign or regressed reads and marks ended tools unresolved
00:20 +203 ~3: test/realtime_activity_test.dart: older lifecycle responses cannot clear a displayed voice unread token
00:20 +204 ~3: test/realtime_activity_test.dart: details are opt-in, bounded, paged and retained across polling
00:20 +205 ~3: test/realtime_activity_test.dart: joins concurrent reads and ignores late details after hiding or disposal
00:20 +206 ~3: loading test/attachment_gateway_test.dart
00:21 +206 ~3: test/attachment_gateway_test.dart: JS gateway: UI binding uploads to the original conversation, admits the file, downloads and preserves ownership/expiry
00:21 +207 ~3: loading test/display_positions_test.dart
00:21 +207 ~3: test/display_positions_test.dart: scroll journal survives recreation, isolates accounts and bounds concurrent writers
00:21 +208 ~3: loading test/assistant_voice_history_test.dart
00:22 +208 ~3: test/assistant_voice_history_test.dart: refresh reconciles newly read descriptors without reentrant emission
00:22 +209 ~3: test/assistant_voice_history_test.dart: catalog growth beyond the voice limit reports stale activity without async failure
00:30 +210 ~3: test/assistant_voice_history_test.dart: voice unread and unfinished effects stay independent of text controls
00:30 +211 ~3: test/assistant_voice_history_test.dart: unchanged text/catalog publishes do not restart voice observation
00:30 +212 ~3: test/assistant_voice_history_test.dart: history retry preserves offline evidence and restores current status
00:30 +213 ~3: test/assistant_voice_history_test.dart: account disposal excludes a late voice result and stops polling
00:30 +214 ~3: loading test/document_submission_test.dart
00:30 +214 ~3: test/document_submission_test.dart: preserves invoice.png bytes and emits canonical saved references
00:31 +215 ~3: test/document_submission_test.dart: preserves invoice.pdf bytes and emits canonical saved references
00:31 +216 ~3: test/document_submission_test.dart: preserves invoice-scan.pdf bytes and emits canonical saved references
00:31 +217 ~3: test/document_submission_test.dart: preserves invoice.docx bytes and emits canonical saved references
00:31 +218 ~3: loading test/turn_approval_mode_test.dart
00:31 +218 ~3: test/turn_approval_mode_test.dart: negotiated binding updates the exact running turn with the server revision
00:31 +219 ~3: loading test/cancellation_reason_test.dart
00:31 +219 ~3: test/cancellation_reason_test.dart: explicit_stop survives stream replay and canonical reload
00:31 +220 ~3: test/cancellation_reason_test.dart: deadline_exceeded survives stream replay and canonical reload
00:31 +221 ~3: test/cancellation_reason_test.dart: policy_revoked survives stream replay and canonical reload
00:31 +222 ~3: test/cancellation_reason_test.dart: runtime_shutdown survives stream replay and canonical reload
00:31 +223 ~3: test/cancellation_reason_test.dart: bounded controls preserve user and reject unknown values
00:31 +224 ~3: test/cancellation_reason_test.dart: bounded controls preserve timeout and reject unknown values
00:31 +225 ~3: test/cancellation_reason_test.dart: bounded controls preserve superseded and reject unknown values
00:31 +226 ~3: test/cancellation_reason_test.dart: bounded controls preserve runtime_shutdown and reject unknown values
00:31 +227 ~3: test/cancellation_reason_test.dart: coarse completed activity turn cannot relabel a known user Stop
00:31 +228 ~3: test/cancellation_reason_test.dart: coarse completed activity null cannot relabel a known user Stop
00:31 +229 ~3: test/cancellation_reason_test.dart: unknown cancellation is rejected instead of relabelled
00:31 +230 ~3: loading test/conversation_deletion_test.dart
00:31 +230 ~3: test/conversation_deletion_test.dart: confirmed remote deletion keeps its journal until native file cleanup recovers
00:31 +231 ~3: test/conversation_deletion_test.dart: an unresolved deletion does not block other conversations after restart
00:31 +232 ~3: test/conversation_deletion_test.dart: a failed durable-intent write prevents deletion dispatch
00:31 +233 ~3: test/conversation_deletion_test.dart: late catalog reads cannot resurrect deleted descriptors
00:31 +234 ~3: test/conversation_deletion_test.dart: failed local cleanup keeps the verified deletion replayable after restart
00:31 +235 ~3: test/conversation_deletion_test.dart: verified deletion evicts its transcript/activity and preserves another selected session
00:31 +236 ~3: test/conversation_deletion_test.dart: lost reply survives controller restart and replays before any history or send recovery
00:31 +237 ~3: test/conversation_deletion_test.dart: mismatched conversationId keeps transcript and exact retry intent
00:31 +238 ~3: test/conversation_deletion_test.dart: mismatched deletedVersion keeps transcript and exact retry intent
00:31 +239 ~3: test/conversation_deletion_test.dart: mismatched operation keeps transcript and exact retry intent
00:31 +240 ~3: test/conversation_deletion_test.dart: mismatched status keeps transcript and exact retry intent
00:31 +241 ~3: test/conversation_deletion_test.dart: version conflict discards rejected intent; a newer version requires a new call
00:31 +242 ~3: test/conversation_deletion_test.dart: unsupported deletion performs no destructive request or journal write
00:31 +243 ~3: test/conversation_deletion_test.dart: concurrent calls coalesce; changed version cannot replace uncertain intent
00:31 +244 ~3: test/conversation_deletion_test.dart: deletion journal serializes adapters, isolates accounts, and acknowledges only exact requests
00:31 +245 ~3: loading test/display_control_test.dart
00:31 +245 ~3: test/display_control_test.dart: pending approval indicator is optional and strictly boolean
00:31 +246 ~3: test/display_control_test.dart: rejects incomplete, future and contradictory controls before session use
00:31 +247 ~3: test/display_control_test.dart: reads protected scalar controls and rejects cross-conversation and turn responses
00:31 +248 ~3: test/display_control_test.dart: old gateways do not opt in, and pending credentials can be cancelled without a request
00:31 +249 ~3: loading test/attachments_test.dart
00:32 +249 ~3: test/attachments_test.dart: uploads through protected account HTTP with stable identity and redacted diagnostics
00:32 +250 ~3: test/attachments_test.dart: cancellation settles even when transport ignores abort; late result is excluded
00:32 +251 ~3: test/attachments_test.dart: rejects unsafe input before sending
00:32 +252 ~3: test/attachments_test.dart: bounds response and rejects malformed, mismatched, or extra reference fields
00:32 +253 ~3: test/attachments_test.dart: uploader binding preserves safe retry policy without server text
00:32 +254 ~3: test/attachments_test.dart: stalled response times out and releases stream observation
00:32 +255 ~3: loading test/approval_display_review_test.dart
00:32 +255 ~3: test/approval_display_review_test.dart: sections and compact receipts share protected bounded HTTP without argument assembly
00:32 +256 ~3: test/approval_display_review_test.dart: rejects changed identities, invalid Unicode page bounds and forged decision receipts
00:32 +257 ~3: test/approval_display_review_test.dart: cancels a stalled approval review before receiving its body
00:32 +258 ~3: loading test/pending_turn_store_test.dart
00:32 +258 ~3: test/pending_turn_store_test.dart: version-two origins survive storage and malformed or downgraded receipts fail
00:32 +259 ~3: test/pending_turn_store_test.dart: restores account-scoped intent and rejects replacement until acknowledgement
00:32 +260 ~3: test/pending_turn_store_test.dart: separate adapters sharing an account serialize overlapping writes
00:32 +261 ~3: loading test/assistant_controller_test.dart
00:32 +261 ~3: test/assistant_controller_test.dart: history recovery cannot release a saved pending submission
00:32 +262 ~3: test/assistant_controller_test.dart: a descriptor failure is not cleared by healthy session observations
00:32 +263 ~3: test/assistant_controller_test.dart: ready history releases preparation without reopening or resending
00:32 +264 ~3: test/assistant_controller_test.dart: account activity honors host throttling across polling and manual retries
00:32 +265 ~3: test/assistant_controller_test.dart: definite attachment rejection keeps drafts and unlocks correction; recovery=false
00:32 +266 ~3: test/assistant_controller_test.dart: definite attachment rejection keeps drafts and unlocks correction; recovery=true
00:32 +267 ~3: test/assistant_controller_test.dart: standard UI exposes account-owned draft persistence from the pending adapter
00:32 +268 ~3: test/assistant_controller_test.dart: bounded account switching cancels obsolete reads, releases hidden pages and evicts idle sessions
00:32 +269 ~3: test/assistant_controller_test.dart: single conversation disables titles and clear retries retain identity and refresh context
00:32 +270 ~3: test/assistant_controller_test.dart: external activity title refresh uses server state without text turns (true)
00:32 +271 ~3: test/assistant_controller_test.dart: external activity title refresh uses server state without text turns (false)
00:32 +272 ~3: test/assistant_controller_test.dart: external activity title refresh preserves server failure without rename
00:32 +273 ~3: test/assistant_controller_test.dart: external activity title refresh does not call unsupported servers
00:32 +274 ~3: test/assistant_controller_test.dart: external activity title refresh rechecks live permission after capability read
00:32 +275 ~3: test/assistant_controller_test.dart: failed server title generation does not race recovery with a fallback rename
00:32 +276 ~3: test/assistant_controller_test.dart: initial titles support return-only and legacy servers (true)
00:33 +277 ~3: test/assistant_controller_test.dart: initial titles support return-only and legacy servers (false)
00:33 +278 ~3: test/assistant_controller_test.dart: server title generation preserves saved title (manual: false)
00:33 +279 ~3: test/assistant_controller_test.dart: server title generation preserves saved title (manual: true)
00:33 +280 ~3: test/assistant_controller_test.dart: configured creation context is sampled once and frozen across lost replies
00:33 +281 ~3: test/assistant_controller_test.dart: an empty loaded catalog is an empty transcript, not permanent loading
00:33 +282 ~3: test/assistant_controller_test.dart: domain presentation retry retains creation and observers can update filters
00:33 +283 ~3: test/assistant_controller_test.dart: initialization coalesces and a failed history read cannot create a chat
00:33 +284 ~3: test/assistant_controller_test.dart: lost New response retains exact request metadata and identity across retry
00:33 +285 ~3: test/assistant_controller_test.dart: New retry after hydration/history failure never creates another chat
00:33 +286 ~3: test/assistant_controller_test.dart: a late active catalog cannot overwrite the archived view
00:33 +287 ~3: test/assistant_controller_test.dart: selection generation excludes late selection while both sessions remain independent
00:33 +288 ~3: test/assistant_controller_test.dart: archive/restore use SDK state and keep an archived transcript read-only
00:33 +289 ~3: test/assistant_controller_test.dart: lost archive response reuses its original mutation identity
00:33 +290 ~3: test/assistant_controller_test.dart: an opposite lifecycle action waits for canonical resolution of the uncertain change
00:33 +291 ~3: test/assistant_controller_test.dart: pagination handles overlap and rejects a repeated cursor while preserving visible history
00:33 +292 ~3: test/assistant_controller_test.dart: unread filtering uses remote activity for unopened conversations
00:33 +293 ~3: loading test/paged_approval_review_test.dart
00:33 +293 ~3: test/paged_approval_review_test.dart: reviews deferred arguments in bounded sections and durably retries the identical decision
00:33 +294 ~3: test/paged_approval_review_test.dart: compact decision intent resumes after controller restart without saved arguments
00:33 +295 ~3: test/paged_approval_review_test.dart: changed preflight cannot save a decision
00:33 +296 ~3: test/paged_approval_review_test.dart: switching chats cancels a held verification without persisting or sending its intent
00:33 +297 ~3: loading test/protected_http_test.dart
00:33 +297 ~3: test/protected_http_test.dart: rejects escaped gateway destinations before requesting credentials
00:33 +298 ~3: test/protected_http_test.dart: keeps abort identity, disables redirects and captures session headers before returning a stream
00:33 +299 ~3: test/protected_http_test.dart: closed client cannot send after credentials finish loading
00:33 +300 ~3: All tests passed!
