The new artifact "libimobiledevice" was downloaded, but Flutter failed to update its stamp file, receiving the error "FileSystemException: Cannot open file, path = '/opt/handrail/.handrail/flutter-sdk/bin/cache/libimobiledevice.stamp' (OS Error: Read-only file system, errno = 30)". Flutter can continue, but the artifact may be re-downloaded on subsequent invocations until the problem is resolved.
The new artifact "libusbmuxd" was downloaded, but Flutter failed to update its stamp file, receiving the error "FileSystemException: Cannot open file, path = '/opt/handrail/.handrail/flutter-sdk/bin/cache/libusbmuxd.stamp' (OS Error: Read-only file system, errno = 30)". Flutter can continue, but the artifact may be re-downloaded on subsequent invocations until the problem is resolved.
00:00 +0: loading /opt/handrail/repos/handrail/handrail-ai-assistant-sdk/handrail-sdk-ai-assistant-flutter/packages/handrail_ai_widgets/test/approval_decisions_test.dart
00:00 +0: /opt/handrail/repos/handrail/handrail-ai-assistant-sdk/handrail-sdk-ai-assistant-flutter/packages/handrail_ai_widgets/test/approval_decisions_test.dart: inspects executed history without execution controls
00:01 +1: /opt/handrail/repos/handrail/handrail-ai-assistant-sdk/handrail-sdk-ai-assistant-flutter/packages/handrail_ai_widgets/test/approval_decisions_test.dart: inspects rejected history without execution controls
00:01 +2: /opt/handrail/repos/handrail/handrail-ai-assistant-sdk/handrail-sdk-ai-assistant-flutter/packages/handrail_ai_widgets/test/approval_decisions_test.dart: inspects expired history without execution controls
00:01 +3: /opt/handrail/repos/handrail/handrail-ai-assistant-sdk/handrail-sdk-ai-assistant-flutter/packages/handrail_ai_widgets/test/approval_decisions_test.dart: review is visible before approval and dispatch uses exact binding
00:01 +4: /opt/handrail/repos/handrail/handrail-ai-assistant-sdk/handrail-sdk-ai-assistant-flutter/packages/handrail_ai_widgets/test/approval_decisions_test.dart: large review details start closed while decision controls remain available
00:01 +5: /opt/handrail/repos/handrail/handrail-ai-assistant-sdk/handrail-sdk-ai-assistant-flutter/packages/handrail_ai_widgets/test/approval_decisions_test.dart: custom business rendering does not enable an incomplete review
00:01 +6: /opt/handrail/repos/handrail/handrail-ai-assistant-sdk/handrail-sdk-ai-assistant-flutter/packages/handrail_ai_widgets/test/approval_decisions_test.dart: late account failure cannot appear in the next account
00:02 +7: /opt/handrail/repos/handrail/handrail-ai-assistant-sdk/handrail-sdk-ai-assistant-flutter/packages/handrail_ai_widgets/test/approval_decisions_test.dart: approved pending execution is distinct from executed and expired
00:02 +8: loading /opt/handrail/repos/handrail/handrail-ai-assistant-sdk/handrail-sdk-ai-assistant-flutter/packages/handrail_ai_widgets/test/audio_recorder_test.dart
00:02 +8: /opt/handrail/repos/handrail/handrail-ai-assistant-sdk/handrail-sdk-ai-assistant-flutter/packages/handrail_ai_widgets/test/audio_recorder_test.dart: a platform startup failure releases any partially opened microphone
00:02 +9: /opt/handrail/repos/handrail/handrail-ai-assistant-sdk/handrail-sdk-ai-assistant-flutter/packages/handrail_ai_widgets/test/audio_recorder_test.dart: bounded PCM becomes a WAV with its real duration and clearable bytes
00:02 +10: /opt/handrail/repos/handrail/handrail-ai-assistant-sdk/handrail-sdk-ai-assistant-flutter/packages/handrail_ai_widgets/test/audio_recorder_test.dart: duplicate Start is rejected and cancellation prevents late permission capture
00:02 +11: /opt/handrail/repos/handrail/handrail-ai-assistant-sdk/handrail-sdk-ai-assistant-flutter/packages/handrail_ai_widgets/test/audio_recorder_test.dart: disposing during platform start closes the late microphone stream
00:02 +12: /opt/handrail/repos/handrail/handrail-ai-assistant-sdk/handrail-sdk-ai-assistant-flutter/packages/handrail_ai_widgets/test/audio_recorder_test.dart: permission denial does not start capture and empty audio is rejected
00:02 +13: loading /opt/handrail/repos/handrail/handrail-ai-assistant-sdk/handrail-sdk-ai-assistant-flutter/packages/handrail_ai_widgets/test/draft_controller_test.dart
00:03 +13: /opt/handrail/repos/handrail/handrail-ai-assistant-sdk/handrail-sdk-ai-assistant-flutter/packages/handrail_ai_widgets/test/draft_controller_test.dart: replayed origin removes only its exact saved revision after recreation
00:03 +14: /opt/handrail/repos/handrail/handrail-ai-assistant-sdk/handrail-sdk-ai-assistant-flutter/packages/handrail_ai_widgets/test/draft_controller_test.dart: origin capture does not identify a newer edit written while it waits
00:03 +15: /opt/handrail/repos/handrail/handrail-ai-assistant-sdk/handrail-sdk-ai-assistant-flutter/packages/handrail_ai_widgets/test/draft_controller_test.dart: typing during cleanup survives immediate owner disposal and flush
00:03 +16: /opt/handrail/repos/handrail/handrail-ai-assistant-sdk/handrail-sdk-ai-assistant-flutter/packages/handrail_ai_widgets/test/draft_controller_test.dart: cleanup preserves another writer without rebasing over unseen text
00:03 +17: /opt/handrail/repos/handrail/handrail-ai-assistant-sdk/handrail-sdk-ai-assistant-flutter/packages/handrail_ai_widgets/test/draft_controller_test.dart: typing during restoration wins and admission preserves later edits
00:03 +18: /opt/handrail/repos/handrail/handrail-ai-assistant-sdk/handrail-sdk-ai-assistant-flutter/packages/handrail_ai_widgets/test/draft_controller_test.dart: coalesces slow writes and flushes before disposing account text
00:03 +19: /opt/handrail/repos/handrail/handrail-ai-assistant-sdk/handrail-sdk-ai-assistant-flutter/packages/handrail_ai_widgets/test/draft_controller_test.dart: storage conflict retains the editor until an explicit reload
00:03 +20: /opt/handrail/repos/handrail/handrail-ai-assistant-sdk/handrail-sdk-ai-assistant-flutter/packages/handrail_ai_widgets/test/draft_controller_test.dart: retry reconciles the original revision with later draft null
00:03 +21: /opt/handrail/repos/handrail/handrail-ai-assistant-sdk/handrail-sdk-ai-assistant-flutter/packages/handrail_ai_widgets/test/draft_controller_test.dart: retry reconciles the original revision with later draft 
00:03 +22: /opt/handrail/repos/handrail/handrail-ai-assistant-sdk/handrail-sdk-ai-assistant-flutter/packages/handrail_ai_widgets/test/draft_controller_test.dart: retry reconciles the original revision with later draft later
00:03 +23: /opt/handrail/repos/handrail/handrail-ai-assistant-sdk/handrail-sdk-ai-assistant-flutter/packages/handrail_ai_widgets/test/draft_controller_test.dart: retry reconciles the original revision with later draft original
00:03 +24: /opt/handrail/repos/handrail/handrail-ai-assistant-sdk/handrail-sdk-ai-assistant-flutter/packages/handrail_ai_widgets/test/draft_controller_test.dart: retry without this draft submission identity cannot clear text
00:03 +25: /opt/handrail/repos/handrail/handrail-ai-assistant-sdk/handrail-sdk-ai-assistant-flutter/packages/handrail_ai_widgets/test/draft_controller_test.dart: acceptance clears only the submitted revision after completed
00:03 +26: /opt/handrail/repos/handrail/handrail-ai-assistant-sdk/handrail-sdk-ai-assistant-flutter/packages/handrail_ai_widgets/test/draft_controller_test.dart: acceptance clears only the submitted revision after failed
00:03 +27: /opt/handrail/repos/handrail/handrail-ai-assistant-sdk/handrail-sdk-ai-assistant-flutter/packages/handrail_ai_widgets/test/draft_controller_test.dart: acceptance clears only the submitted revision after cancelled
00:03 +28: /opt/handrail/repos/handrail/handrail-ai-assistant-sdk/handrail-sdk-ai-assistant-flutter/packages/handrail_ai_widgets/test/draft_controller_test.dart: keeps edits before admission, including a return to identical text
00:03 +29: /opt/handrail/repos/handrail/handrail-ai-assistant-sdk/handrail-sdk-ai-assistant-flutter/packages/handrail_ai_widgets/test/draft_controller_test.dart: ignores old callbacks after scope reset or disposal
00:03 +30: /opt/handrail/repos/handrail/handrail-ai-assistant-sdk/handrail-sdk-ai-assistant-flutter/packages/handrail_ai_widgets/test/draft_controller_test.dart: retains a deliberate empty draft after an admitted failure
00:03 +31: loading /opt/handrail/repos/handrail/handrail-ai-assistant-sdk/handrail-sdk-ai-assistant-flutter/packages/handrail_ai_widgets/test/near_bottom_refresh_test.dart
00:04 +31: /opt/handrail/repos/handrail/handrail-ai-assistant-sdk/handrail-sdk-ai-assistant-flutter/packages/handrail_ai_widgets/test/near_bottom_refresh_test.dart: viewport expansion keeps Jump for unloaded newer history
00:05 +32: /opt/handrail/repos/handrail/handrail-ai-assistant-sdk/handrail-sdk-ai-assistant-flutter/packages/handrail_ai_widgets/test/near_bottom_refresh_test.dart: full transcript restores a paused conversation on return
00:08 +33: /opt/handrail/repos/handrail/handrail-ai-assistant-sdk/handrail-sdk-ai-assistant-flutter/packages/handrail_ai_widgets/test/near_bottom_refresh_test.dart: reader pauses 50.0 pixels while latest is in flight
00:08 +34: /opt/handrail/repos/handrail/handrail-ai-assistant-sdk/handrail-sdk-ai-assistant-flutter/packages/handrail_ai_widgets/test/near_bottom_refresh_test.dart: reader pauses 700.0 pixels while latest is in flight
00:08 +35: loading /opt/handrail/repos/handrail/handrail-ai-assistant-sdk/handrail-sdk-ai-assistant-flutter/packages/handrail_ai_widgets/test/pending_approval_inbox_test.dart
00:09 +35: /opt/handrail/repos/handrail/handrail-ai-assistant-sdk/handrail-sdk-ai-assistant-flutter/packages/handrail_ai_widgets/test/pending_approval_inbox_test.dart: bounded approval sections and acknowledgement on 320.0 px
00:10 +36: /opt/handrail/repos/handrail/handrail-ai-assistant-sdk/handrail-sdk-ai-assistant-flutter/packages/handrail_ai_widgets/test/pending_approval_inbox_test.dart: bounded approval sections and acknowledgement on 390.0 px
00:10 +37: /opt/handrail/repos/handrail/handrail-ai-assistant-sdk/handrail-sdk-ai-assistant-flutter/packages/handrail_ai_widgets/test/pending_approval_inbox_test.dart: pending entry point pages and shows only the selected review on a narrow screen
00:10 +38: loading /opt/handrail/repos/handrail/handrail-ai-assistant-sdk/handrail-sdk-ai-assistant-flutter/packages/handrail_ai_widgets/test/host_service_adapters_test.dart
00:11 +38: /opt/handrail/repos/handrail/handrail-ai-assistant-sdk/handrail-sdk-ai-assistant-flutter/packages/handrail_ai_widgets/test/host_service_adapters_test.dart: host image limits remain independent of larger PDF limits
00:11 +39: /opt/handrail/repos/handrail/handrail-ai-assistant-sdk/handrail-sdk-ai-assistant-flutter/packages/handrail_ai_widgets/test/host_service_adapters_test.dart: explicit provider owns upload and release, and can revoke admission
00:11 +40: /opt/handrail/repos/handrail/handrail-ai-assistant-sdk/handrail-sdk-ai-assistant-flutter/packages/handrail_ai_widgets/test/host_service_adapters_test.dart: native picker completion cannot populate another selected draft
00:11 +41: /opt/handrail/repos/handrail/handrail-ai-assistant-sdk/handrail-sdk-ai-assistant-flutter/packages/handrail_ai_widgets/test/host_service_adapters_test.dart: protected service replacement preserves SDK ownership and operations
00:11 +42: loading /opt/handrail/repos/handrail/handrail-ai-assistant-sdk/handrail-sdk-ai-assistant-flutter/packages/handrail_ai_widgets/test/display_position_restoration_test.dart
00:12 +42: /opt/handrail/repos/handrail/handrail-ai-assistant-sdk/handrail-sdk-ai-assistant-flutter/packages/handrail_ai_widgets/test/display_position_restoration_test.dart: reopens a tall saved message at a 50.0 pixel pause
00:13 +43: /opt/handrail/repos/handrail/handrail-ai-assistant-sdk/handrail-sdk-ai-assistant-flutter/packages/handrail_ai_widgets/test/display_position_restoration_test.dart: reopens a tall saved message at a 700.0 pixel pause
00:13 +44: /opt/handrail/repos/handrail/handrail-ai-assistant-sdk/handrail-sdk-ai-assistant-flutter/packages/handrail_ai_widgets/test/display_position_restoration_test.dart: keeps a clamped anchor through asynchronous body sizing
00:13 +45: /opt/handrail/repos/handrail/handrail-ai-assistant-sdk/handrail-sdk-ai-assistant-flutter/packages/handrail_ai_widgets/test/display_position_restoration_test.dart: restores an older page then keeps its anchor through eviction
00:13 +46: /opt/handrail/repos/handrail/handrail-ai-assistant-sdk/handrail-sdk-ai-assistant-flutter/packages/handrail_ai_widgets/test/display_position_restoration_test.dart: late position read is fenced after disposal
00:13 +47: /opt/handrail/repos/handrail/handrail-ai-assistant-sdk/handrail-sdk-ai-assistant-flutter/packages/handrail_ai_widgets/test/display_position_restoration_test.dart: late position read is fenced after account switch
00:13 +48: /opt/handrail/repos/handrail/handrail-ai-assistant-sdk/handrail-sdk-ai-assistant-flutter/packages/handrail_ai_widgets/test/display_position_restoration_test.dart: cancelled selection cannot overwrite either account position
00:14 +49: /opt/handrail/repos/handrail/handrail-ai-assistant-sdk/handrail-sdk-ai-assistant-flutter/packages/handrail_ai_widgets/test/display_position_restoration_test.dart: a new generation invalidates the restored position on first load
00:14 +50: loading /opt/handrail/repos/handrail/handrail-ai-assistant-sdk/handrail-sdk-ai-assistant-flutter/packages/handrail_ai_widgets/test/assistant_workspace_test.dart
00:14 +50: /opt/handrail/repos/handrail/handrail-ai-assistant-sdk/handrail-sdk-ai-assistant-flutter/packages/handrail_ai_widgets/test/assistant_workspace_test.dart: verified selected deletion clears the composer on publication
00:16 +51: /opt/handrail/repos/handrail/handrail-ai-assistant-sdk/handrail-sdk-ai-assistant-flutter/packages/handrail_ai_widgets/test/assistant_workspace_test.dart: standard binding restores files and exposes retry at width 390.0, scale 1.0
00:16 +52: /opt/handrail/repos/handrail/handrail-ai-assistant-sdk/handrail-sdk-ai-assistant-flutter/packages/handrail_ai_widgets/test/assistant_workspace_test.dart: standard binding restores files and exposes retry at width 320.0, scale 2.0
00:16 +53: /opt/handrail/repos/handrail/handrail-ai-assistant-sdk/handrail-sdk-ai-assistant-flutter/packages/handrail_ai_widgets/test/assistant_workspace_test.dart: standard binding captures durable origins and owns replay cleanup outside the view
00:17 +54: /opt/handrail/repos/handrail/handrail-ai-assistant-sdk/handrail-sdk-ai-assistant-flutter/packages/handrail_ai_widgets/test/assistant_workspace_test.dart: capacity errors keep the editor usable and are announced
00:17 +55: /opt/handrail/repos/handrail/handrail-ai-assistant-sdk/handrail-sdk-ai-assistant-flutter/packages/handrail_ai_widgets/test/assistant_workspace_test.dart: standard composer restores encrypted-adapter text and presents save failure/retry without losing edits
00:17 +56: /opt/handrail/repos/handrail/handrail-ai-assistant-sdk/handrail-sdk-ai-assistant-flutter/packages/handrail_ai_widgets/test/assistant_workspace_test.dart: account replacement excludes a late Clear confirmation
00:17 +57: /opt/handrail/repos/handrail/handrail-ai-assistant-sdk/handrail-sdk-ai-assistant-flutter/packages/handrail_ai_widgets/test/assistant_workspace_test.dart: single conversation Clear is explicit and preserves drafts at width 390.0
00:18 +58: /opt/handrail/repos/handrail/handrail-ai-assistant-sdk/handrail-sdk-ai-assistant-flutter/packages/handrail_ai_widgets/test/assistant_workspace_test.dart: single conversation Clear is explicit and preserves drafts at width 1200.0
00:18 +59: /opt/handrail/repos/handrail/handrail-ai-assistant-sdk/handrail-sdk-ai-assistant-flutter/packages/handrail_ai_widgets/test/assistant_workspace_test.dart: default workspace request passes the installed JS protocol parser
00:18 +60: /opt/handrail/repos/handrail/handrail-ai-assistant-sdk/handrail-sdk-ai-assistant-flutter/packages/handrail_ai_widgets/test/assistant_workspace_test.dart: platform editor hooks preserve the shared composer
00:18 +61: /opt/handrail/repos/handrail/handrail-ai-assistant-sdk/handrail-sdk-ai-assistant-flutter/packages/handrail_ai_widgets/test/assistant_workspace_test.dart: pending approval remains visible without messages or tool activity
00:19 +62: /opt/handrail/repos/handrail/handrail-ai-assistant-sdk/handrail-sdk-ai-assistant-flutter/packages/handrail_ai_widgets/test/assistant_workspace_test.dart: confirmed deletion discards only that conversation’s drafts and files
00:19 +63: /opt/handrail/repos/handrail/handrail-ai-assistant-sdk/handrail-sdk-ai-assistant-flutter/packages/handrail_ai_widgets/test/assistant_workspace_test.dart: clearing account drafts while expanded detaches the old editor safely
00:19 +64: /opt/handrail/repos/handrail/handrail-ai-assistant-sdk/handrail-sdk-ai-assistant-flutter/packages/handrail_ai_widgets/test/assistant_workspace_test.dart: hides the routine counter but explains an overlong draft
00:19 +65: /opt/handrail/repos/handrail/handrail-ai-assistant-sdk/handrail-sdk-ai-assistant-flutter/packages/handrail_ai_widgets/test/assistant_workspace_test.dart: business slots and editor settings retain default controls and submission gates
00:20 +66: /opt/handrail/repos/handrail/handrail-ai-assistant-sdk/handrail-sdk-ai-assistant-flutter/packages/handrail_ai_widgets/test/assistant_workspace_test.dart: minimal workspace supplies history, transcript, voice, files and admission-safe sending
00:20 +67: /opt/handrail/repos/handrail/handrail-ai-assistant-sdk/handrail-sdk-ai-assistant-flutter/packages/handrail_ai_widgets/test/assistant_workspace_test.dart: upload preserves origin, context, approval and later conversation drafts
00:20 +68: /opt/handrail/repos/handrail/handrail-ai-assistant-sdk/handrail-sdk-ai-assistant-flutter/packages/handrail_ai_widgets/test/assistant_workspace_test.dart: replacement account excludes late admission and resets approval controls
00:20 +69: /opt/handrail/repos/handrail/handrail-ai-assistant-sdk/handrail-sdk-ai-assistant-flutter/packages/handrail_ai_widgets/test/assistant_workspace_test.dart: an account change closes approval settings from the previous account
00:20 +70: /opt/handrail/repos/handrail/handrail-ai-assistant-sdk/handrail-sdk-ai-assistant-flutter/packages/handrail_ai_widgets/test/assistant_workspace_test.dart: default workspace remains usable at width 320.0 and text scale 2.0
00:20 +71: /opt/handrail/repos/handrail/handrail-ai-assistant-sdk/handrail-sdk-ai-assistant-flutter/packages/handrail_ai_widgets/test/assistant_workspace_test.dart: default workspace remains usable at width 1000.0 and text scale 1.0
00:21 +72: loading /opt/handrail/repos/handrail/handrail-ai-assistant-sdk/handrail-sdk-ai-assistant-flutter/packages/handrail_ai_widgets/test/markdown_test.dart
00:21 +72: /opt/handrail/repos/handrail/handrail-ai-assistant-sdk/handrail-sdk-ai-assistant-flutter/packages/handrail_ai_widgets/test/markdown_test.dart: ordered markers stay intact at 320.0 and text scale 1.0
00:22 +73: /opt/handrail/repos/handrail/handrail-ai-assistant-sdk/handrail-sdk-ai-assistant-flutter/packages/handrail_ai_widgets/test/markdown_test.dart: ordered markers stay intact at 320.0 and text scale 2.0
00:22 +74: /opt/handrail/repos/handrail/handrail-ai-assistant-sdk/handrail-sdk-ai-assistant-flutter/packages/handrail_ai_widgets/test/markdown_test.dart: ordered markers stay intact at 390.0 and text scale 1.0
00:22 +75: /opt/handrail/repos/handrail/handrail-ai-assistant-sdk/handrail-sdk-ai-assistant-flutter/packages/handrail_ai_widgets/test/markdown_test.dart: ordered markers stay intact at 390.0 and text scale 2.0
00:22 +76: /opt/handrail/repos/handrail/handrail-ai-assistant-sdk/handrail-sdk-ai-assistant-flutter/packages/handrail_ai_widgets/test/markdown_test.dart: ordered markers stay intact at 768.0 and text scale 1.0
00:22 +77: /opt/handrail/repos/handrail/handrail-ai-assistant-sdk/handrail-sdk-ai-assistant-flutter/packages/handrail_ai_widgets/test/markdown_test.dart: ordered markers stay intact at 768.0 and text scale 2.0
00:22 +78: /opt/handrail/repos/handrail/handrail-ai-assistant-sdk/handrail-sdk-ai-assistant-flutter/packages/handrail_ai_widgets/test/markdown_test.dart: ordered markers stay intact at 1440.0 and text scale 1.0
00:22 +79: /opt/handrail/repos/handrail/handrail-ai-assistant-sdk/handrail-sdk-ai-assistant-flutter/packages/handrail_ai_widgets/test/markdown_test.dart: ordered markers stay intact at 1440.0 and text scale 2.0
00:22 +80: /opt/handrail/repos/handrail/handrail-ai-assistant-sdk/handrail-sdk-ai-assistant-flutter/packages/handrail_ai_widgets/test/markdown_test.dart: formatted paragraphs and table cells share one selectable region
00:22 +81: /opt/handrail/repos/handrail/handrail-ai-assistant-sdk/handrail-sdk-ai-assistant-flutter/packages/handrail_ai_widgets/test/markdown_test.dart: user text honors bubble foreground, selectable=false
00:22 +82: /opt/handrail/repos/handrail/handrail-ai-assistant-sdk/handrail-sdk-ai-assistant-flutter/packages/handrail_ai_widgets/test/markdown_test.dart: user text honors bubble foreground, selectable=true
00:22 +83: /opt/handrail/repos/handrail/handrail-ai-assistant-sdk/handrail-sdk-ai-assistant-flutter/packages/handrail_ai_widgets/test/markdown_test.dart: rich-table selectable=false preserves cells on a narrow screen
00:23 +84: /opt/handrail/repos/handrail/handrail-ai-assistant-sdk/handrail-sdk-ai-assistant-flutter/packages/handrail_ai_widgets/test/markdown_test.dart: incomplete-table selectable=false preserves cells on a narrow screen
00:23 +85: /opt/handrail/repos/handrail/handrail-ai-assistant-sdk/handrail-sdk-ai-assistant-flutter/packages/handrail_ai_widgets/test/markdown_test.dart: rich-table selectable=true preserves cells on a narrow screen
00:23 +86: /opt/handrail/repos/handrail/handrail-ai-assistant-sdk/handrail-sdk-ai-assistant-flutter/packages/handrail_ai_widgets/test/markdown_test.dart: incomplete-table selectable=true preserves cells on a narrow screen
00:23 +87: /opt/handrail/repos/handrail/handrail-ai-assistant-sdk/handrail-sdk-ai-assistant-flutter/packages/handrail_ai_widgets/test/markdown_test.dart: streamed table prefixes remain renderable
00:24 +88: /opt/handrail/repos/handrail/handrail-ai-assistant-sdk/handrail-sdk-ai-assistant-flutter/packages/handrail_ai_widgets/test/markdown_test.dart: user messages remain selectable literal text
00:24 +89: /opt/handrail/repos/handrail/handrail-ai-assistant-sdk/handrail-sdk-ai-assistant-flutter/packages/handrail_ai_widgets/test/markdown_test.dart: unsafe links and inline images cannot trigger host navigation
00:25 +90: loading /opt/handrail/repos/handrail/handrail-ai-assistant-sdk/handrail-sdk-ai-assistant-flutter/packages/handrail_ai_widgets/test/display_transcript_test.dart
00:25 +90: /opt/handrail/repos/handrail/handrail-ai-assistant-sdk/handrail-sdk-ai-assistant-flutter/packages/handrail_ai_widgets/test/display_transcript_test.dart: default transcript reads large text on demand and retains one bounded section
00:27 +91: /opt/handrail/repos/handrail/handrail-ai-assistant-sdk/handrail-sdk-ai-assistant-flutter/packages/handrail_ai_widgets/test/display_transcript_test.dart: scope replacement aborts large text reads and cannot expose their late content
00:27 +92: /opt/handrail/repos/handrail/handrail-ai-assistant-sdk/handrail-sdk-ai-assistant-flutter/packages/handrail_ai_widgets/test/display_transcript_test.dart: a changed large message requires explicit reload without displaying mixed revisions
00:27 +93: /opt/handrail/repos/handrail/handrail-ai-assistant-sdk/handrail-sdk-ai-assistant-flutter/packages/handrail_ai_widgets/test/display_transcript_test.dart: session-owned windows restore durable anchors without another initial read
00:27 +94: /opt/handrail/repos/handrail/handrail-ai-assistant-sdk/handrail-sdk-ai-assistant-flutter/packages/handrail_ai_widgets/test/display_transcript_test.dart: polls transient failures only in the foreground and stops at permission errors
00:27 +95: /opt/handrail/repos/handrail/handrail-ai-assistant-sdk/handrail-sdk-ai-assistant-flutter/packages/handrail_ai_widgets/test/display_transcript_test.dart: loads one selected page, anchors prepend and delayed layout, bounds rows
00:28 +96: /opt/handrail/repos/handrail/handrail-ai-assistant-sdk/handrail-sdk-ai-assistant-flutter/packages/handrail_ai_widgets/test/display_transcript_test.dart: virtualized bodies keep their visible anchor through width changes and remount on navigation
00:28 +97: /opt/handrail/repos/handrail/handrail-ai-assistant-sdk/handrail-sdk-ai-assistant-flutter/packages/handrail_ai_widgets/test/display_transcript_test.dart: switches immediately, ignores old scope changes and cancels on unmount
00:28 +98: /opt/handrail/repos/handrail/handrail-ai-assistant-sdk/handrail-sdk-ai-assistant-flutter/packages/handrail_ai_widgets/test/display_transcript_test.dart: keeps errors retryable and deferred content explicit without auto reads
00:28 +99: /opt/handrail/repos/handrail/handrail-ai-assistant-sdk/handrail-sdk-ai-assistant-flutter/packages/handrail_ai_widgets/test/display_transcript_test.dart: restores account-scoped message positions and foreground latest acknowledgements
00:28 +100: /opt/handrail/repos/handrail/handrail-ai-assistant-sdk/handrail-sdk-ai-assistant-flutter/packages/handrail_ai_widgets/test/display_transcript_test.dart: keeps narrow scaled text accessible and never announces hidden pages as read
00:28 +101: loading /opt/handrail/repos/handrail/handrail-ai-assistant-sdk/handrail-sdk-ai-assistant-flutter/packages/handrail_ai_widgets/test/realtime_voice_test.dart
00:29 +101: /opt/handrail/repos/handrail/handrail-ai-assistant-sdk/handrail-sdk-ai-assistant-flutter/packages/handrail_ai_widgets/test/realtime_voice_test.dart: branding and business content retain all core controls at small widths
00:30 +102: /opt/handrail/repos/handrail/handrail-ai-assistant-sdk/handrail-sdk-ai-assistant-flutter/packages/handrail_ai_widgets/test/realtime_voice_test.dart: close fences delayed permission/history preparation before capture
00:30 +103: /opt/handrail/repos/handrail/handrail-ai-assistant-sdk/handrail-sdk-ai-assistant-flutter/packages/handrail_ai_widgets/test/realtime_voice_test.dart: permission revocation and failed preflight do not admit a call
00:30 +104: /opt/handrail/repos/handrail/handrail-ai-assistant-sdk/handrail-sdk-ai-assistant-flutter/packages/handrail_ai_widgets/test/realtime_voice_test.dart: scope replacement discards delayed preflight and resets choice
00:30 +105: /opt/handrail/repos/handrail/handrail-ai-assistant-sdk/handrail-sdk-ai-assistant-flutter/packages/handrail_ai_widgets/test/realtime_voice_test.dart: uncertain end stays visible and retries the same session
00:31 +106: /opt/handrail/repos/handrail/handrail-ai-assistant-sdk/handrail-sdk-ai-assistant-flutter/packages/handrail_ai_widgets/test/realtime_voice_test.dart: explicit leave never changes an unconfirmed remote outcome
00:31 +107: /opt/handrail/repos/handrail/handrail-ai-assistant-sdk/handrail-sdk-ai-assistant-flutter/packages/handrail_ai_widgets/test/realtime_voice_test.dart: Back during connecting cancels startup and cannot later resume capture
00:31 +108: /opt/handrail/repos/handrail/handrail-ai-assistant-sdk/handrail-sdk-ai-assistant-flutter/packages/handrail_ai_widgets/test/realtime_voice_test.dart: preflight uses refreshed eligibility after a loading frame
00:31 +109: /opt/handrail/repos/handrail/handrail-ai-assistant-sdk/handrail-sdk-ai-assistant-flutter/packages/handrail_ai_widgets/test/realtime_voice_test.dart: microphone permission dialog does not cancel live startup
00:31 +110: /opt/handrail/repos/handrail/handrail-ai-assistant-sdk/handrail-sdk-ai-assistant-flutter/packages/handrail_ai_widgets/test/realtime_voice_test.dart: background stops immediately; resumed view never auto-starts
00:31 +111: /opt/handrail/repos/handrail/handrail-ai-assistant-sdk/handrail-sdk-ai-assistant-flutter/packages/handrail_ai_widgets/test/realtime_voice_test.dart: stop errors stay bounded and duplicate end clicks cannot overlap
00:31 +112: /opt/handrail/repos/handrail/handrail-ai-assistant-sdk/handrail-sdk-ai-assistant-flutter/packages/handrail_ai_widgets/test/realtime_voice_test.dart: safe startup failure retries the captured host speaker context
00:31 +113: /opt/handrail/repos/handrail/handrail-ai-assistant-sdk/handrail-sdk-ai-assistant-flutter/packages/handrail_ai_widgets/test/realtime_voice_test.dart: backgrounding an active call retains its unconfirmed end after resume
00:31 +114: /opt/handrail/repos/handrail/handrail-ai-assistant-sdk/handrail-sdk-ai-assistant-flutter/packages/handrail_ai_widgets/test/realtime_voice_test.dart: preflight exceptions are recoverable without raw error disclosure
00:32 +115: loading /opt/handrail/repos/handrail/handrail-ai-assistant-sdk/handrail-sdk-ai-assistant-flutter/packages/handrail_ai_widgets/test/webrtc_voice_session_test.dart
00:32 +115: /opt/handrail/repos/handrail/handrail-ai-assistant-sdk/handrail-sdk-ai-assistant-flutter/packages/handrail_ai_widgets/test/webrtc_voice_session_test.dart: Stop and disposal join teardown; delayed microphone capture is disabled and released
00:32 +116: /opt/handrail/repos/handrail/handrail-ai-assistant-sdk/handrail-sdk-ai-assistant-flutter/packages/handrail_ai_widgets/test/webrtc_voice_session_test.dart: invalid conversation never requests a microphone or creates a peer
00:32 +117: loading /opt/handrail/repos/handrail/handrail-ai-assistant-sdk/handrail-sdk-ai-assistant-flutter/packages/handrail_ai_widgets/test/webrtc_voice_gateway_test.dart
00:33 +117: /opt/handrail/repos/handrail/handrail-ai-assistant-sdk/handrail-sdk-ai-assistant-flutter/packages/handrail_ai_widgets/test/webrtc_voice_gateway_test.dart: media startup binds identity; muted Stop waits for exact call end and retries without new admission
00:33 +118: /opt/handrail/repos/handrail/handrail-ai-assistant-sdk/handrail-sdk-ai-assistant-flutter/packages/handrail_ai_widgets/test/webrtc_voice_gateway_test.dart: late SDP after cancelled admission never reconnects and uses the retained call identity for end
00:33 +119: /opt/handrail/repos/handrail/handrail-ai-assistant-sdk/handrail-sdk-ai-assistant-flutter/packages/handrail_ai_widgets/test/webrtc_voice_gateway_test.dart: provider close is not a durable end receipt and unrelated identities are ignored
00:33 +120: /opt/handrail/repos/handrail/handrail-ai-assistant-sdk/handrail-sdk-ai-assistant-flutter/packages/handrail_ai_widgets/test/webrtc_voice_gateway_test.dart: bootstrap failure preserves uncertainty without replay or private error text
00:33 +121: /opt/handrail/repos/handrail/handrail-ai-assistant-sdk/handrail-sdk-ai-assistant-flutter/packages/handrail_ai_widgets/test/webrtc_voice_gateway_test.dart: changed provider session cannot replace the admitted call
00:33 +122: loading /opt/handrail/repos/handrail/handrail-ai-assistant-sdk/handrail-sdk-ai-assistant-flutter/packages/handrail_ai_widgets/test/settled_transcript_regression_test.dart
00:34 +122: /opt/handrail/repos/handrail/handrail-ai-assistant-sdk/handrail-sdk-ai-assistant-flutter/packages/handrail_ai_widgets/test/settled_transcript_regression_test.dart: settled vehicle, review and invoice actions collapse without executing
00:34 +123: /opt/handrail/repos/handrail/handrail-ai-assistant-sdk/handrail-sdk-ai-assistant-flutter/packages/handrail_ai_widgets/test/settled_transcript_regression_test.dart: full jump stays steady across near-tail movement, streaming and keyboard layout
00:36 +124: /opt/handrail/repos/handrail/handrail-ai-assistant-sdk/handrail-sdk-ai-assistant-flutter/packages/handrail_ai_widgets/test/settled_transcript_regression_test.dart: paged jump stays steady across near-tail movement, streaming and keyboard layout
00:36 +125: loading /opt/handrail/repos/handrail/handrail-ai-assistant-sdk/handrail-sdk-ai-assistant-flutter/packages/handrail_ai_widgets/test/composer_attachment_storage_test.dart
00:36 +125: /opt/handrail/repos/handrail/handrail-ai-assistant-sdk/handrail-sdk-ai-assistant-flutter/packages/handrail_ai_widgets/test/composer_attachment_storage_test.dart: Stop while saving a ready reference blocks send and reuses the saved reference
00:36 +126: /opt/handrail/repos/handrail/handrail-ai-assistant-sdk/handrail-sdk-ai-assistant-flutter/packages/handrail_ai_widgets/test/composer_attachment_storage_test.dart: Stop during a pending source save prevents network upload and keeps retry identity
00:36 +127: /opt/handrail/repos/handrail/handrail-ai-assistant-sdk/handrail-sdk-ai-assistant-flutter/packages/handrail_ai_widgets/test/composer_attachment_storage_test.dart: failed explicit reload retains local selections and retries replacement without duplication
00:36 +128: /opt/handrail/repos/handrail/handrail-ai-assistant-sdk/handrail-sdk-ai-assistant-flutter/packages/handrail_ai_widgets/test/composer_attachment_storage_test.dart: closing during a source write waits; confirmed deletion does not schedule a replacement write
00:36 +129: /opt/handrail/repos/handrail/handrail-ai-assistant-sdk/handrail-sdk-ai-assistant-flutter/packages/handrail_ai_widgets/test/composer_attachment_storage_test.dart: restart preserves upload identity; ready files never upload or write bytes again
00:36 +130: /opt/handrail/repos/handrail/handrail-ai-assistant-sdk/handrail-sdk-ai-assistant-flutter/packages/handrail_ai_widgets/test/composer_attachment_storage_test.dart: restoration is selected-chat only and a late read cannot replace another chat
00:36 +131: /opt/handrail/repos/handrail/handrail-ai-assistant-sdk/handrail-sdk-ai-assistant-flutter/packages/handrail_ai_widgets/test/composer_attachment_storage_test.dart: background accepted cleanup reads no sources and preserves newer files
00:36 +132: /opt/handrail/repos/handrail/handrail-ai-assistant-sdk/handrail-sdk-ai-assistant-flutter/packages/handrail_ai_widgets/test/composer_attachment_storage_test.dart: edits made while accepted cleanup waits are saved after the exact removal
00:36 +133: /opt/handrail/repos/handrail/handrail-ai-assistant-sdk/handrail-sdk-ai-assistant-flutter/packages/handrail_ai_widgets/test/composer_attachment_storage_test.dart: failed source save prevents upload and retry preserves identity
00:36 +134: /opt/handrail/repos/handrail/handrail-ai-assistant-sdk/handrail-sdk-ai-assistant-flutter/packages/handrail_ai_widgets/test/composer_attachment_storage_test.dart: uncertain committed save and competing editors require explicit reload
00:36 +135: /opt/handrail/repos/handrail/handrail-ai-assistant-sdk/handrail-sdk-ai-assistant-flutter/packages/handrail_ai_widgets/test/composer_attachment_storage_test.dart: removed selection remains budgeted until its storage callback settles
00:36 +136: /opt/handrail/repos/handrail/handrail-ai-assistant-sdk/handrail-sdk-ai-assistant-flutter/packages/handrail_ai_widgets/test/composer_attachment_storage_test.dart: discard persists an empty draft; ordinary disposal and other chats survive
00:36 +137: loading /opt/handrail/repos/handrail/handrail-ai-assistant-sdk/handrail-sdk-ai-assistant-flutter/packages/handrail_ai_widgets/test/transcript_visibility_test.dart
00:37 +137: /opt/handrail/repos/handrail/handrail-ai-assistant-sdk/handrail-sdk-ai-assistant-flutter/packages/handrail_ai_widgets/test/transcript_visibility_test.dart: snapshot visibility: ticker
00:38 +138: /opt/handrail/repos/handrail/handrail-ai-assistant-sdk/handrail-sdk-ai-assistant-flutter/packages/handrail_ai_widgets/test/transcript_visibility_test.dart: snapshot visibility: ancestor
00:38 +139: /opt/handrail/repos/handrail/handrail-ai-assistant-sdk/handrail-sdk-ai-assistant-flutter/packages/handrail_ai_widgets/test/transcript_visibility_test.dart: snapshot visibility: background
00:38 +140: /opt/handrail/repos/handrail/handrail-ai-assistant-sdk/handrail-sdk-ai-assistant-flutter/packages/handrail_ai_widgets/test/transcript_visibility_test.dart: snapshot visibility: route
00:38 +141: /opt/handrail/repos/handrail/handrail-ai-assistant-sdk/handrail-sdk-ai-assistant-flutter/packages/handrail_ai_widgets/test/transcript_visibility_test.dart: display visibility: ticker
00:39 +142: /opt/handrail/repos/handrail/handrail-ai-assistant-sdk/handrail-sdk-ai-assistant-flutter/packages/handrail_ai_widgets/test/transcript_visibility_test.dart: display visibility: ancestor
00:39 +143: /opt/handrail/repos/handrail/handrail-ai-assistant-sdk/handrail-sdk-ai-assistant-flutter/packages/handrail_ai_widgets/test/transcript_visibility_test.dart: display visibility: background
00:39 +144: /opt/handrail/repos/handrail/handrail-ai-assistant-sdk/handrail-sdk-ai-assistant-flutter/packages/handrail_ai_widgets/test/transcript_visibility_test.dart: display visibility: route
00:39 +145: /opt/handrail/repos/handrail/handrail-ai-assistant-sdk/handrail-sdk-ai-assistant-flutter/packages/handrail_ai_widgets/test/transcript_visibility_test.dart: conversation display visibility: ticker
00:39 +146: /opt/handrail/repos/handrail/handrail-ai-assistant-sdk/handrail-sdk-ai-assistant-flutter/packages/handrail_ai_widgets/test/transcript_visibility_test.dart: conversation display visibility: ancestor
00:39 +147: /opt/handrail/repos/handrail/handrail-ai-assistant-sdk/handrail-sdk-ai-assistant-flutter/packages/handrail_ai_widgets/test/transcript_visibility_test.dart: conversation display visibility: background
00:39 +148: /opt/handrail/repos/handrail/handrail-ai-assistant-sdk/handrail-sdk-ai-assistant-flutter/packages/handrail_ai_widgets/test/transcript_visibility_test.dart: conversation display visibility: route
00:39 +149: loading /opt/handrail/repos/handrail/handrail-ai-assistant-sdk/handrail-sdk-ai-assistant-flutter/packages/handrail_ai_widgets/test/composer_test.dart
00:40 +149: /opt/handrail/repos/handrail/handrail-ai-assistant-sdk/handrail-sdk-ai-assistant-flutter/packages/handrail_ai_widgets/test/composer_test.dart: standard editor keeps an accessible name after typing
00:41 +150: /opt/handrail/repos/handrail/handrail-ai-assistant-sdk/handrail-sdk-ai-assistant-flutter/packages/handrail_ai_widgets/test/composer_test.dart: custom named composer and expanded editor keep their label
00:41 +151: /opt/handrail/repos/handrail/handrail-ai-assistant-sdk/handrail-sdk-ai-assistant-flutter/packages/handrail_ai_widgets/test/composer_test.dart: minimal composer inherits host colors and font (Brightness.dark)
00:41 +152: /opt/handrail/repos/handrail/handrail-ai-assistant-sdk/handrail-sdk-ai-assistant-flutter/packages/handrail_ai_widgets/test/composer_test.dart: minimal composer inherits host colors and font (Brightness.light)
00:41 +153: /opt/handrail/repos/handrail/handrail-ai-assistant-sdk/handrail-sdk-ai-assistant-flutter/packages/handrail_ai_widgets/test/composer_test.dart: host form constraints do not stretch or clip the shared editor
00:41 +154: /opt/handrail/repos/handrail/handrail-ai-assistant-sdk/handrail-sdk-ai-assistant-flutter/packages/handrail_ai_widgets/test/composer_test.dart: expanded editor keeps the draft and closes on account scope change
00:41 +155: /opt/handrail/repos/handrail/handrail-ai-assistant-sdk/handrail-sdk-ai-assistant-flutter/packages/handrail_ai_widgets/test/composer_test.dart: draft starts above the aligned toolbar at 320.0
00:41 +156: /opt/handrail/repos/handrail/handrail-ai-assistant-sdk/handrail-sdk-ai-assistant-flutter/packages/handrail_ai_widgets/test/composer_test.dart: draft starts above the aligned toolbar at 390.0
00:41 +157: /opt/handrail/repos/handrail/handrail-ai-assistant-sdk/handrail-sdk-ai-assistant-flutter/packages/handrail_ai_widgets/test/composer_test.dart: draft starts above the aligned toolbar at 768.0
00:41 +158: /opt/handrail/repos/handrail/handrail-ai-assistant-sdk/handrail-sdk-ai-assistant-flutter/packages/handrail_ai_widgets/test/composer_test.dart: host theme styles the shared composer and hides unavailable attachments
00:41 +159: /opt/handrail/repos/handrail/handrail-ai-assistant-sdk/handrail-sdk-ai-assistant-flutter/packages/handrail_ai_widgets/test/composer_test.dart: Send focuses once, Enter sends, and a running draft stays editable
00:42 +160: /opt/handrail/repos/handrail/handrail-ai-assistant-sdk/handrail-sdk-ai-assistant-flutter/packages/handrail_ai_widgets/test/composer_test.dart: IME composition and an explicit newline setting do not send
00:42 +161: /opt/handrail/repos/handrail/handrail-ai-assistant-sdk/handrail-sdk-ai-assistant-flutter/packages/handrail_ai_widgets/test/composer_test.dart: approval switch changes the next-message preference
00:42 +162: loading /opt/handrail/repos/handrail/handrail-ai-assistant-sdk/handrail-sdk-ai-assistant-flutter/packages/handrail_ai_widgets/test/structured_details_test.dart
00:42 +162: /opt/handrail/repos/handrail/handrail-ai-assistant-sdk/handrail-sdk-ai-assistant-flutter/packages/handrail_ai_widgets/test/structured_details_test.dart: large reviews start closed and retain expansion on refresh
00:44 +163: /opt/handrail/repos/handrail/handrail-ai-assistant-sdk/handrail-sdk-ai-assistant-flutter/packages/handrail_ai_widgets/test/structured_details_test.dart: collapse policy covers many fields, long values, lines and nesting
00:44 +164: /opt/handrail/repos/handrail/handrail-ai-assistant-sdk/handrail-sdk-ai-assistant-flutter/packages/handrail_ai_widgets/test/structured_details_test.dart: readable complete details fit 320.0px with large text
00:44 +165: /opt/handrail/repos/handrail/handrail-ai-assistant-sdk/handrail-sdk-ai-assistant-flutter/packages/handrail_ai_widgets/test/structured_details_test.dart: readable complete details fit 800.0px with large text
00:44 +166: loading /opt/handrail/repos/handrail/handrail-ai-assistant-sdk/handrail-sdk-ai-assistant-flutter/packages/handrail_ai_widgets/test/turn_approval_mode_test.dart
00:44 +166: /opt/handrail/repos/handrail/handrail-ai-assistant-sdk/handrail-sdk-ai-assistant-flutter/packages/handrail_ai_widgets/test/turn_approval_mode_test.dart: approval waits for the current-request change and keeps its mode on failure
00:45 +167: /opt/handrail/repos/handrail/handrail-ai-assistant-sdk/handrail-sdk-ai-assistant-flutter/packages/handrail_ai_widgets/test/turn_approval_mode_test.dart: running composer can enable automatic approval after server acceptance
00:46 +168: loading /opt/handrail/repos/handrail/handrail-ai-assistant-sdk/handrail-sdk-ai-assistant-flutter/packages/handrail_ai_widgets/test/voice_playback_test.dart
00:46 +168: /opt/handrail/repos/handrail/handrail-ai-assistant-sdk/handrail-sdk-ai-assistant-flutter/packages/handrail_ai_widgets/test/voice_playback_test.dart: native output failure stays retryable without creating a call
00:46 +169: loading /opt/handrail/repos/handrail/handrail-ai-assistant-sdk/handrail-sdk-ai-assistant-flutter/packages/handrail_ai_widgets/test/streaming_render_test.dart
00:47 +169: /opt/handrail/repos/handrail/handrail-ai-assistant-sdk/handrail-sdk-ai-assistant-flutter/packages/handrail_ai_widgets/test/streaming_render_test.dart: streaming long answer render workload without network latency
{"scenario":"30 growing Markdown updates, then 10 unchanged activity notifications","network":"none; in-memory bindings","answerCharacters":6933,"updateP50Ms":73.639,"updateP95Ms":129.355,"streamingRebuilds":{"HandrailMarkdown":45},"unchangedRebuilds":{"HandrailMarkdown":10},"mountedSelectableTextWidgets":0,"processRssBytes":234897408,"limitations":"Debug offscreen Flutter renderer; timings and total process RSS include test framework and VM, not native-device or provider latency."}
00:51 +170: loading /opt/handrail/repos/handrail/handrail-ai-assistant-sdk/handrail-sdk-ai-assistant-flutter/packages/handrail_ai_widgets/test/conversation_transcript_test.dart
00:51 +170: /opt/handrail/repos/handrail/handrail-ai-assistant-sdk/handrail-sdk-ai-assistant-flutter/packages/handrail_ai_widgets/test/conversation_transcript_test.dart: saved cancellation presents user
00:52 +171: /opt/handrail/repos/handrail/handrail-ai-assistant-sdk/handrail-sdk-ai-assistant-flutter/packages/handrail_ai_widgets/test/conversation_transcript_test.dart: saved cancellation presents timeout
00:52 +172: /opt/handrail/repos/handrail/handrail-ai-assistant-sdk/handrail-sdk-ai-assistant-flutter/packages/handrail_ai_widgets/test/conversation_transcript_test.dart: saved cancellation presents superseded
00:52 +173: /opt/handrail/repos/handrail/handrail-ai-assistant-sdk/handrail-sdk-ai-assistant-flutter/packages/handrail_ai_widgets/test/conversation_transcript_test.dart: saved cancellation presents runtime_shutdown
00:52 +174: /opt/handrail/repos/handrail/handrail-ai-assistant-sdk/handrail-sdk-ai-assistant-flutter/packages/handrail_ai_widgets/test/conversation_transcript_test.dart: executed A and declined B stay settled while actual failures remain visible (partial=false)
00:52 +175: /opt/handrail/repos/handrail/handrail-ai-assistant-sdk/handrail-sdk-ai-assistant-flutter/packages/handrail_ai_widgets/test/conversation_transcript_test.dart: executed A and declined B stay settled while actual failures remain visible (partial=true)
00:53 +176: /opt/handrail/repos/handrail/handrail-ai-assistant-sdk/handrail-sdk-ai-assistant-flutter/packages/handrail_ai_widgets/test/conversation_transcript_test.dart: answer takes over progress and keeps tool details before its response
00:53 +177: /opt/handrail/repos/handrail/handrail-ai-assistant-sdk/handrail-sdk-ai-assistant-flutter/packages/handrail_ai_widgets/test/conversation_transcript_test.dart: delivery feedback reconciles the saved message without duplicate bubbles
00:53 +178: /opt/handrail/repos/handrail/handrail-ai-assistant-sdk/handrail-sdk-ai-assistant-flutter/packages/handrail_ai_widgets/test/conversation_transcript_test.dart: current tool names and changing status remain visible with activity collapsed
00:53 +179: /opt/handrail/repos/handrail/handrail-ai-assistant-sdk/handrail-sdk-ai-assistant-flutter/packages/handrail_ai_widgets/test/conversation_transcript_test.dart: standard transcript uses bounded pages with citations, activity and no duplicate selection
00:54 +180: /opt/handrail/repos/handrail/handrail-ai-assistant-sdk/handrail-sdk-ai-assistant-flutter/packages/handrail_ai_widgets/test/conversation_transcript_test.dart: branding preserves operational message identity (false)
00:54 +181: /opt/handrail/repos/handrail/handrail-ai-assistant-sdk/handrail-sdk-ai-assistant-flutter/packages/handrail_ai_widgets/test/conversation_transcript_test.dart: branding preserves operational message identity (true)
00:54 +182: /opt/handrail/repos/handrail/handrail-ai-assistant-sdk/handrail-sdk-ai-assistant-flutter/packages/handrail_ai_widgets/test/conversation_transcript_test.dart: message-link policy is independent of a citation resolver veto (false)
00:54 +183: /opt/handrail/repos/handrail/handrail-ai-assistant-sdk/handrail-sdk-ai-assistant-flutter/packages/handrail_ai_widgets/test/conversation_transcript_test.dart: message-link policy is independent of a citation resolver veto (true)
00:54 +184: /opt/handrail/repos/handrail/handrail-ai-assistant-sdk/handrail-sdk-ai-assistant-flutter/packages/handrail_ai_widgets/test/conversation_transcript_test.dart: user, system and tool message text stays literal
00:54 +185: /opt/handrail/repos/handrail/handrail-ai-assistant-sdk/handrail-sdk-ai-assistant-flutter/packages/handrail_ai_widgets/test/conversation_transcript_test.dart: protected copy reports an accessible failure and retries exact visible text
00:54 +186: /opt/handrail/repos/handrail/handrail-ai-assistant-sdk/handrail-sdk-ai-assistant-flutter/packages/handrail_ai_widgets/test/conversation_transcript_test.dart: a stale copy failure cannot replace a later success
00:54 +187: /opt/handrail/repos/handrail/handrail-ai-assistant-sdk/handrail-sdk-ai-assistant-flutter/packages/handrail_ai_widgets/test/conversation_transcript_test.dart: minimal transcript supplies Markdown, safe citations, copy, results and private activity
00:55 +188: /opt/handrail/repos/handrail/handrail-ai-assistant-sdk/handrail-sdk-ai-assistant-flutter/packages/handrail_ai_widgets/test/conversation_transcript_test.dart: new replies preserve a scrolled-up position and become read at the visible end
00:55 +189: /opt/handrail/repos/handrail/handrail-ai-assistant-sdk/handrail-sdk-ai-assistant-flutter/packages/handrail_ai_widgets/test/conversation_transcript_test.dart: covered and background replies become read only when the transcript is visible
00:55 +190: /opt/handrail/repos/handrail/handrail-ai-assistant-sdk/handrail-sdk-ai-assistant-flutter/packages/handrail_ai_widgets/test/conversation_transcript_test.dart: a prior conversation retry cannot unlock a later retry
00:55 +191: /opt/handrail/repos/handrail/handrail-ai-assistant-sdk/handrail-sdk-ai-assistant-flutter/packages/handrail_ai_widgets/test/conversation_transcript_test.dart: custom domain formatting retains SDK account isolation and visible read lifecycle
00:55 +192: /opt/handrail/repos/handrail/handrail-ai-assistant-sdk/handrail-sdk-ai-assistant-flutter/packages/handrail_ai_widgets/test/conversation_transcript_test.dart: account replacement clears old content and error recovery works with large text
00:56 +193: loading /opt/handrail/repos/handrail/handrail-ai-assistant-sdk/handrail-sdk-ai-assistant-flutter/packages/handrail_ai_widgets/test/saved_attachments_test.dart
00:56 +193: /opt/handrail/repos/handrail/handrail-ai-assistant-sdk/handrail-sdk-ai-assistant-flutter/packages/handrail_ai_widgets/test/saved_attachments_test.dart: minimal workspace downloads saved files with uploads hidden, using the SDK platform saver and private byte cleanup
00:57 +194: /opt/handrail/repos/handrail/handrail-ai-assistant-sdk/handrail-sdk-ai-assistant-flutter/packages/handrail_ai_widgets/test/saved_attachments_test.dart: platform save failures stay safe and Retry reauthorizes before saving
00:57 +195: /opt/handrail/repos/handrail/handrail-ai-assistant-sdk/handrail-sdk-ai-assistant-flutter/packages/handrail_ai_widgets/test/saved_attachments_test.dart: cancels a pending workspace download on account before any platform save
00:58 +196: /opt/handrail/repos/handrail/handrail-ai-assistant-sdk/handrail-sdk-ai-assistant-flutter/packages/handrail_ai_widgets/test/saved_attachments_test.dart: cancels a pending workspace download on conversation before any platform save
00:58 +197: /opt/handrail/repos/handrail/handrail-ai-assistant-sdk/handrail-sdk-ai-assistant-flutter/packages/handrail_ai_widgets/test/saved_attachments_test.dart: cancels a pending workspace download on dispose before any platform save
00:58 +198: /opt/handrail/repos/handrail/handrail-ai-assistant-sdk/handrail-sdk-ai-assistant-flutter/packages/handrail_ai_widgets/test/saved_attachments_test.dart: explicit host attachment formatting keeps precedence over the default downloader
00:58 +199: loading /opt/handrail/repos/handrail/handrail-ai-assistant-sdk/handrail-sdk-ai-assistant-flutter/packages/handrail_ai_widgets/test/transcription_control_test.dart
00:59 +199: /opt/handrail/repos/handrail/handrail-ai-assistant-sdk/handrail-sdk-ai-assistant-flutter/packages/handrail_ai_widgets/test/transcription_control_test.dart: authenticated dictation keeps typing editable, inserts latest text and never sends
01:00 +200: /opt/handrail/repos/handrail/handrail-ai-assistant-sdk/handrail-sdk-ai-assistant-flutter/packages/handrail_ai_widgets/test/transcription_control_test.dart: retry retains capture identity and bytes; draft-limit retry avoids another request
01:00 +201: /opt/handrail/repos/handrail/handrail-ai-assistant-sdk/handrail-sdk-ai-assistant-flutter/packages/handrail_ai_widgets/test/transcription_control_test.dart: uncertain outcomes cannot retry even if a host marks them retryable
01:00 +202: /opt/handrail/repos/handrail/handrail-ai-assistant-sdk/handrail-sdk-ai-assistant-flutter/packages/handrail_ai_widgets/test/transcription_control_test.dart: scope cancels observation and excludes late draft insertion
01:00 +203: /opt/handrail/repos/handrail/handrail-ai-assistant-sdk/handrail-sdk-ai-assistant-flutter/packages/handrail_ai_widgets/test/transcription_control_test.dart: dispose cancels observation and excludes late draft insertion
01:00 +204: /opt/handrail/repos/handrail/handrail-ai-assistant-sdk/handrail-sdk-ai-assistant-flutter/packages/handrail_ai_widgets/test/transcription_control_test.dart: cancel cancels observation and excludes late draft insertion
01:00 +205: loading /opt/handrail/repos/handrail/handrail-ai-assistant-sdk/handrail-sdk-ai-assistant-flutter/packages/handrail_ai_widgets/test/assistant_close_guard_test.dart
01:01 +205: /opt/handrail/repos/handrail/handrail-ai-assistant-sdk/handrail-sdk-ai-assistant-flutter/packages/handrail_ai_widgets/test/assistant_close_guard_test.dart: default close retains drafts and does not cancel work or close twice
01:02 +206: /opt/handrail/repos/handrail/handrail-ai-assistant-sdk/handrail-sdk-ai-assistant-flutter/packages/handrail_ai_widgets/test/assistant_close_guard_test.dart: explicit discard includes other chats, while Keep preserves them
01:02 +207: /opt/handrail/repos/handrail/handrail-ai-assistant-sdk/handrail-sdk-ai-assistant-flutter/packages/handrail_ai_widgets/test/assistant_close_guard_test.dart: background work and changing business gates prevent stale Discard
01:03 +208: /opt/handrail/repos/handrail/handrail-ai-assistant-sdk/handrail-sdk-ai-assistant-flutter/packages/handrail_ai_widgets/test/assistant_close_guard_test.dart: account replacement removes only its own covered confirmation
01:03 +209: /opt/handrail/repos/handrail/handrail-ai-assistant-sdk/handrail-sdk-ai-assistant-flutter/packages/handrail_ai_widgets/test/assistant_close_guard_test.dart: system Back uses the same explicit draft decision
01:03 +210: loading /opt/handrail/repos/handrail/handrail-ai-assistant-sdk/handrail-sdk-ai-assistant-flutter/packages/handrail_ai_widgets/test/caption_blocks_test.dart
01:04 +210: /opt/handrail/repos/handrail/handrail-ai-assistant-sdk/handrail-sdk-ai-assistant-flutter/packages/handrail_ai_widgets/test/caption_blocks_test.dart: joins streamed words without trimming, deduplication or invented spaces
01:04 +211: /opt/handrail/repos/handrail/handrail-ai-assistant-sdk/handrail-sdk-ai-assistant-flutter/packages/handrail_ai_widgets/test/caption_blocks_test.dart: preserves overlapping speaker switches and late delivery order
01:04 +212: /opt/handrail/repos/handrail/handrail-ai-assistant-sdk/handrail-sdk-ai-assistant-flutter/packages/handrail_ai_widgets/test/caption_blocks_test.dart: new pages extend the same display block without changing its identity
01:04 +213: /opt/handrail/repos/handrail/handrail-ai-assistant-sdk/handrail-sdk-ai-assistant-flutter/packages/handrail_ai_widgets/test/caption_blocks_test.dart: bounds grouping while retaining oversized fragments and empty input
01:04 +214: loading /opt/handrail/repos/handrail/handrail-ai-assistant-sdk/handrail-sdk-ai-assistant-flutter/packages/handrail_ai_widgets/test/attachments_test.dart
01:05 +214: /opt/handrail/repos/handrail/handrail-ai-assistant-sdk/handrail-sdk-ai-assistant-flutter/packages/handrail_ai_widgets/test/attachments_test.dart: negotiated DOCX and PDF intake preserves fixture bytes and upload references
01:05 +215: /opt/handrail/repos/handrail/handrail-ai-assistant-sdk/handrail-sdk-ai-assistant-flutter/packages/handrail_ai_widgets/test/attachments_test.dart: host file settings only restrict negotiated formats and each bound
01:05 +216: /opt/handrail/repos/handrail/handrail-ai-assistant-sdk/handrail-sdk-ai-assistant-flutter/packages/handrail_ai_widgets/test/attachments_test.dart: partial upload retry retains successful references and failed file identity until admission
01:05 +217: /opt/handrail/repos/handrail/handrail-ai-assistant-sdk/handrail-sdk-ai-assistant-flutter/packages/handrail_ai_widgets/test/attachments_test.dart: host-rendered selection uses the same queue and explicit replacement gets a new identity
01:05 +218: /opt/handrail/repos/handrail/handrail-ai-assistant-sdk/handrail-sdk-ai-assistant-flutter/packages/handrail_ai_widgets/test/attachments_test.dart: cancellation preserves files and latest text, excludes late upload, and prevents admission
01:05 +219: /opt/handrail/repos/handrail/handrail-ai-assistant-sdk/handrail-sdk-ai-assistant-flutter/packages/handrail_ai_widgets/test/attachments_test.dart: account disposal cancels its upload and excludes its late reference
01:05 +220: /opt/handrail/repos/handrail/handrail-ai-assistant-sdk/handrail-sdk-ai-assistant-flutter/packages/handrail_ai_widgets/test/attachments_test.dart: file-only send is eligible and late identical edits and reselections survive admission
01:05 +221: /opt/handrail/repos/handrail/handrail-ai-assistant-sdk/handrail-sdk-ai-assistant-flutter/packages/handrail_ai_widgets/test/attachments_test.dart: late picker result cannot enter a different conversation or disposed account
01:05 +222: /opt/handrail/repos/handrail/handrail-ai-assistant-sdk/handrail-sdk-ai-assistant-flutter/packages/handrail_ai_widgets/test/attachments_test.dart: unsupported capability combinations and oversized selections cannot upload
01:05 +223: /opt/handrail/repos/handrail/handrail-ai-assistant-sdk/handrail-sdk-ai-assistant-flutter/packages/handrail_ai_widgets/test/attachments_test.dart: minimal composer supplies bounded file list, picker, and file-only Send
01:06 +224: loading /opt/handrail/repos/handrail/handrail-ai-assistant-sdk/handrail-sdk-ai-assistant-flutter/packages/handrail_ai_widgets/test/composer_drafts_test.dart
01:06 +224: /opt/handrail/repos/handrail/handrail-ai-assistant-sdk/handrail-sdk-ai-assistant-flutter/packages/handrail_ai_widgets/test/composer_drafts_test.dart: a blank unassigned composer preserves the saved chat draft on reload
01:06 +225: /opt/handrail/repos/handrail/handrail-ai-assistant-sdk/handrail-sdk-ai-assistant-flutter/packages/handrail_ai_widgets/test/composer_drafts_test.dart: a slow save retains its old text budget after editor disposal
01:06 +226: /opt/handrail/repos/handrail/handrail-ai-assistant-sdk/handrail-sdk-ai-assistant-flutter/packages/handrail_ai_widgets/test/composer_drafts_test.dart: text budgets preserve edits across chats, pending sends and restoration
01:06 +227: /opt/handrail/repos/handrail/handrail-ai-assistant-sdk/handrail-sdk-ai-assistant-flutter/packages/handrail_ai_widgets/test/composer_drafts_test.dart: text count is bounded even when all unsaved drafts are very small
01:06 +228: /opt/handrail/repos/handrail/handrail-ai-assistant-sdk/handrail-sdk-ai-assistant-flutter/packages/handrail_ai_widgets/test/composer_drafts_test.dart: a capacity-blocked saved draft remains in storage and can be reopened
01:06 +229: /opt/handrail/repos/handrail/handrail-ai-assistant-sdk/handrail-sdk-ai-assistant-flutter/packages/handrail_ai_widgets/test/composer_drafts_test.dart: oversized paste preserves the previous draft and its send revision
01:06 +230: /opt/handrail/repos/handrail/handrail-ai-assistant-sdk/handrail-sdk-ai-assistant-flutter/packages/handrail_ai_widgets/test/composer_drafts_test.dart: empty drafts are evicted without storage while unsaved text survives
01:06 +231: /opt/handrail/repos/handrail/handrail-ai-assistant-sdk/handrail-sdk-ai-assistant-flutter/packages/handrail_ai_widgets/test/composer_drafts_test.dart: file budgets span chats and reject additions atomically
01:06 +232: /opt/handrail/repos/handrail/handrail-ai-assistant-sdk/handrail-sdk-ai-assistant-flutter/packages/handrail_ai_widgets/test/composer_drafts_test.dart: opaque host selections still obey the account file-count limit
01:06 +233: /opt/handrail/repos/handrail/handrail-ai-assistant-sdk/handrail-sdk-ai-assistant-flutter/packages/handrail_ai_widgets/test/composer_drafts_test.dart: accepted sends retain their file budget until callbacks settle
01:06 +234: /opt/handrail/repos/handrail/handrail-ai-assistant-sdk/handrail-sdk-ai-assistant-flutter/packages/handrail_ai_widgets/test/composer_drafts_test.dart: cancelled host transfers keep their permit and retry identity
01:06 +235: /opt/handrail/repos/handrail/handrail-ai-assistant-sdk/handrail-sdk-ai-assistant-flutter/packages/handrail_ai_widgets/test/composer_drafts_test.dart: removing a cancelled transfer cannot bypass the retained byte limit
01:06 +236: /opt/handrail/repos/handrail/handrail-ai-assistant-sdk/handrail-sdk-ai-assistant-flutter/packages/handrail_ai_widgets/test/composer_drafts_test.dart: selection snapshots upload bytes once and rejects invalid replacements
01:06 +237: /opt/handrail/repos/handrail/handrail-ai-assistant-sdk/handrail-sdk-ai-assistant-flutter/packages/handrail_ai_widgets/test/composer_drafts_test.dart: persists separate chats across controller replacement and discards only the selected journal
01:06 +238: /opt/handrail/repos/handrail/handrail-ai-assistant-sdk/handrail-sdk-ai-assistant-flutter/packages/handrail_ai_widgets/test/composer_drafts_test.dart: adopts unassigned text and releases old saved idle controllers without losing their drafts
01:06 +239: /opt/handrail/repos/handrail/handrail-ai-assistant-sdk/handrail-sdk-ai-assistant-flutter/packages/handrail_ai_widgets/test/composer_drafts_test.dart: Stop retains the upload key; removal and admission release it once
01:06 +240: /opt/handrail/repos/handrail/handrail-ai-assistant-sdk/handrail-sdk-ai-assistant-flutter/packages/handrail_ai_widgets/test/composer_drafts_test.dart: discard, replacement and account disposal release separate drafts
01:06 +241: /opt/handrail/repos/handrail/handrail-ai-assistant-sdk/handrail-sdk-ai-assistant-flutter/packages/handrail_ai_widgets/test/composer_drafts_test.dart: reopening a saved send acknowledges only its captured conversation draft
01:06 +242: /opt/handrail/repos/handrail/handrail-ai-assistant-sdk/handrail-sdk-ai-assistant-flutter/packages/handrail_ai_widgets/test/composer_drafts_test.dart: admission clears only submitted selections in their own chat
01:06 +243: /opt/handrail/repos/handrail/handrail-ai-assistant-sdk/handrail-sdk-ai-assistant-flutter/packages/handrail_ai_widgets/test/composer_drafts_test.dart: failed upload keeps text/files; retry admission clears original only
01:06 +244: /opt/handrail/repos/handrail/handrail-ai-assistant-sdk/handrail-sdk-ai-assistant-flutter/packages/handrail_ai_widgets/test/composer_drafts_test.dart: discard and dispose invalidate background admission safely
01:06 +245: loading /opt/handrail/repos/handrail/handrail-ai-assistant-sdk/handrail-sdk-ai-assistant-flutter/packages/handrail_ai_widgets/test/attachment_preview_test.dart
01:07 +245: /opt/handrail/repos/handrail/handrail-ai-assistant-sdk/handrail-sdk-ai-assistant-flutter/packages/handrail_ai_widgets/test/attachment_preview_test.dart: shared image zoom reauthorizes and clears on account
01:08 +246: /opt/handrail/repos/handrail/handrail-ai-assistant-sdk/handrail-sdk-ai-assistant-flutter/packages/handrail_ai_widgets/test/attachment_preview_test.dart: shared image zoom reauthorizes and clears on background
01:08 +247: /opt/handrail/repos/handrail/handrail-ai-assistant-sdk/handrail-sdk-ai-assistant-flutter/packages/handrail_ai_widgets/test/attachment_preview_test.dart: shared image zoom reauthorizes and clears on dispose
01:08 +248: /opt/handrail/repos/handrail/handrail-ai-assistant-sdk/handrail-sdk-ai-assistant-flutter/packages/handrail_ai_widgets/test/attachment_preview_test.dart: a stale image-opening read cannot open on a replacement account
01:08 +249: /opt/handrail/repos/handrail/handrail-ai-assistant-sdk/handrail-sdk-ai-assistant-flutter/packages/handrail_ai_widgets/test/attachment_preview_test.dart: a saved PDF control returns after resume without an automatic download
01:08 +250: /opt/handrail/repos/handrail/handrail-ai-assistant-sdk/handrail-sdk-ai-assistant-flutter/packages/handrail_ai_widgets/test/attachment_preview_test.dart: retries a failed authorized image load without exposing the exception
01:08 +251: /opt/handrail/repos/handrail/handrail-ai-assistant-sdk/handrail-sdk-ai-assistant-flutter/packages/handrail_ai_widgets/test/attachment_preview_test.dart: ignores an old scope load after switching and after disposal
01:08 +252: /opt/handrail/repos/handrail/handrail-ai-assistant-sdk/handrail-sdk-ai-assistant-flutter/packages/handrail_ai_widgets/test/attachment_preview_test.dart: opening requires activation, prevents duplicates and clears only its own bytes
01:09 +253: /opt/handrail/repos/handrail/handrail-ai-assistant-sdk/handrail-sdk-ai-assistant-flutter/packages/handrail_ai_widgets/test/attachment_preview_test.dart: load failure offers inline retry with a fresh authorized read
01:09 +254: /opt/handrail/repos/handrail/handrail-ai-assistant-sdk/handrail-sdk-ai-assistant-flutter/packages/handrail_ai_widgets/test/attachment_preview_test.dart: open failure offers inline retry with a fresh authorized read
01:09 +255: /opt/handrail/repos/handrail/handrail-ai-assistant-sdk/handrail-sdk-ai-assistant-flutter/packages/handrail_ai_widgets/test/attachment_preview_test.dart: scope excludes a late saved-file open for the same attachment ID
01:09 +256: /opt/handrail/repos/handrail/handrail-ai-assistant-sdk/handrail-sdk-ai-assistant-flutter/packages/handrail_ai_widgets/test/attachment_preview_test.dart: dispose excludes a late saved-file open for the same attachment ID
01:09 +257: /opt/handrail/repos/handrail/handrail-ai-assistant-sdk/handrail-sdk-ai-assistant-flutter/packages/handrail_ai_widgets/test/attachment_preview_test.dart: returned bytes must satisfy declared bounds (expected size null)
01:09 +258: /opt/handrail/repos/handrail/handrail-ai-assistant-sdk/handrail-sdk-ai-assistant-flutter/packages/handrail_ai_widgets/test/attachment_preview_test.dart: returned bytes must satisfy declared bounds (expected size 2)
01:09 +259: /opt/handrail/repos/handrail/handrail-ai-assistant-sdk/handrail-sdk-ai-assistant-flutter/packages/handrail_ai_widgets/test/attachment_preview_test.dart: opening a preview reauthorizes bytes and disposal clears its private preview
01:09 +260: loading /opt/handrail/repos/handrail/handrail-ai-assistant-sdk/handrail-sdk-ai-assistant-flutter/packages/handrail_ai_widgets/test/deferred_records_test.dart
01:10 +260: /opt/handrail/repos/handrail/handrail-ai-assistant-sdk/handrail-sdk-ai-assistant-flutter/packages/handrail_ai_widgets/test/deferred_records_test.dart: reads one bounded detail section on demand without enabling approval
01:10 +261: /opt/handrail/repos/handrail/handrail-ai-assistant-sdk/handrail-sdk-ai-assistant-flutter/packages/handrail_ai_widgets/test/deferred_records_test.dart: scope replacement cancels held detail reads with identical record IDs
01:11 +262: loading /opt/handrail/repos/handrail/handrail-ai-assistant-sdk/handrail-sdk-ai-assistant-flutter/packages/handrail_ai_widgets/test/conversation_history_test.dart
01:11 +262: /opt/handrail/repos/handrail/handrail-ai-assistant-sdk/handrail-sdk-ai-assistant-flutter/packages/handrail_ai_widgets/test/conversation_history_test.dart: desktop sidebar uses its own width for header controls
01:12 +263: /opt/handrail/repos/handrail/handrail-ai-assistant-sdk/handrail-sdk-ai-assistant-flutter/packages/handrail_ai_widgets/test/conversation_history_test.dart: catalog permission disables creation and saved deletion retry (compact false)
01:12 +264: /opt/handrail/repos/handrail/handrail-ai-assistant-sdk/handrail-sdk-ai-assistant-flutter/packages/handrail_ai_widgets/test/conversation_history_test.dart: catalog permission disables creation and saved deletion retry (compact true)
01:13 +265: /opt/handrail/repos/handrail/handrail-ai-assistant-sdk/handrail-sdk-ai-assistant-flutter/packages/handrail_ai_widgets/test/conversation_history_test.dart: voice markers survive narrow layouts and retry without changing text actions
01:13 +266: /opt/handrail/repos/handrail/handrail-ai-assistant-sdk/handrail-sdk-ai-assistant-flutter/packages/handrail_ai_widgets/test/conversation_history_test.dart: an old deletion failure cannot overwrite a replacement account history
01:13 +267: /opt/handrail/repos/handrail/handrail-ai-assistant-sdk/handrail-sdk-ai-assistant-flutter/packages/handrail_ai_widgets/test/conversation_history_test.dart: deletion reviews an exact version and cancels safely (compact false)
01:13 +268: /opt/handrail/repos/handrail/handrail-ai-assistant-sdk/handrail-sdk-ai-assistant-flutter/packages/handrail_ai_widgets/test/conversation_history_test.dart: account replacement closes its deletion confirmation (compact false)
01:13 +269: /opt/handrail/repos/handrail/handrail-ai-assistant-sdk/handrail-sdk-ai-assistant-flutter/packages/handrail_ai_widgets/test/conversation_history_test.dart: deletion reviews an exact version and cancels safely (compact true)
01:14 +270: /opt/handrail/repos/handrail/handrail-ai-assistant-sdk/handrail-sdk-ai-assistant-flutter/packages/handrail_ai_widgets/test/conversation_history_test.dart: account replacement closes its deletion confirmation (compact true)
01:14 +271: /opt/handrail/repos/handrail/handrail-ai-assistant-sdk/handrail-sdk-ai-assistant-flutter/packages/handrail_ai_widgets/test/conversation_history_test.dart: negotiation disables new deletion but saved retry remains reachable
01:14 +272: /opt/handrail/repos/handrail/handrail-ai-assistant-sdk/handrail-sdk-ai-assistant-flutter/packages/handrail_ai_widgets/test/conversation_history_test.dart: minimal history picker remains usable at 320.0 with text scale 2.0
01:14 +273: /opt/handrail/repos/handrail/handrail-ai-assistant-sdk/handrail-sdk-ai-assistant-flutter/packages/handrail_ai_widgets/test/conversation_history_test.dart: minimal history picker remains usable at 768.0 with text scale 1.0
01:14 +274: /opt/handrail/repos/handrail/handrail-ai-assistant-sdk/handrail-sdk-ai-assistant-flutter/packages/handrail_ai_widgets/test/conversation_history_test.dart: an account change closes the previous history overlay
01:14 +275: All tests passed!
