00:00 +0: loading /opt/handrail/repos/handrail/handrail-ai-assistant-sdk/handrail-sdk-ai-assistant-flutter/tool/presend_client_test.dart
00:00 +0: (setUpAll)
00:02 +0: normal controller saves exactly the second changes read
00:02 +1: first preparation read observes a changed canonical head
00:03 +2: overlapping refresh callers singleflight but submit still reads again
00:03 +3: remote turn during journal write is caught by second control
00:03 +4: remote clear during retain changes generation and rejects stale admission
00:04 +5: canonical change during retain preserves stale CAS
00:04 +6: canonical change after second read preserves stale CAS
00:04 +7: auth revoked during retain rejects without start
00:04 +8: auth revoked at admission rejects without start
00:04 +9: session refresh during retain invalidates preparation
00:04 +10: window refresh during retain invalidates preparation
00:05 +11: latest during retain invalidates preparation
00:05 +12: scroll roundtrip during retain invalidates preparation
00:05 +13: selection roundtrip during retain invalidates preparation
00:05 +14: workspace roundtrip during retain invalidates preparation
00:05 +15: navigation during second authorized control invalidates witness
00:06 +16: nonempty stable window saves one request with unchanged canonical CAS
00:06 +17: partial multi-page changes retain the second cursor read
00:06 +18: direct submit gets full read
00:07 +19: reconstructed journal gets full read
00:07 +20: account replacement disposes witness before admission
00:07 +21: snapshot fallback keeps both pre-admission read_since requests
00:07 +22: lost admission acknowledgement retries exact saved operation
00:08 +23: lost start acknowledgement retries exact saved operation
00:08 +24: (tearDownAll)
00:08 +24: All tests passed!
