The new artifact "libimobiledevice" was downloaded, but Flutter failed to update its stamp file, receiving the error "FileSystemException: Cannot open file, path = '/opt/handrail/.handrail/flutter-sdk/bin/cache/libimobiledevice.stamp' (OS Error: Read-only file system, errno = 30)". Flutter can continue, but the artifact may be re-downloaded on subsequent invocations until the problem is resolved.
The new artifact "libusbmuxd" was downloaded, but Flutter failed to update its stamp file, receiving the error "FileSystemException: Cannot open file, path = '/opt/handrail/.handrail/flutter-sdk/bin/cache/libusbmuxd.stamp' (OS Error: Read-only file system, errno = 30)". Flutter can continue, but the artifact may be re-downloaded on subsequent invocations until the problem is resolved.
00:00 +0: loading /opt/handrail/repos/handrail/handrail-ai-assistant-sdk/handrail-sdk-ai-assistant-flutter/tool/terminal_pending_test.dart
00:00 +0: /opt/handrail/repos/handrail/handrail-ai-assistant-sdk/handrail-sdk-ai-assistant-flutter/tool/terminal_pending_test.dart: (setUpAll)
00:00 +0: /opt/handrail/repos/handrail/handrail-ai-assistant-sdk/handrail-sdk-ai-assistant-flutter/tool/terminal_pending_test.dart: terminal pending releases Send without replay; bounded=true
00:02 +1: /opt/handrail/repos/handrail/handrail-ai-assistant-sdk/handrail-sdk-ai-assistant-flutter/tool/terminal_pending_test.dart: terminal pending releases Send without replay; bounded=false
00:03 +2: /opt/handrail/repos/handrail/handrail-ai-assistant-sdk/handrail-sdk-ai-assistant-flutter/tool/terminal_pending_test.dart: retains uncertain or unauthorized pending: missing bounded=true
00:03 +3: /opt/handrail/repos/handrail/handrail-ai-assistant-sdk/handrail-sdk-ai-assistant-flutter/tool/terminal_pending_test.dart: retains uncertain or unauthorized pending: foreign bounded=true
00:03 +4: /opt/handrail/repos/handrail/handrail-ai-assistant-sdk/handrail-sdk-ai-assistant-flutter/tool/terminal_pending_test.dart: retains uncertain or unauthorized pending: queued bounded=true
00:03 +5: /opt/handrail/repos/handrail/handrail-ai-assistant-sdk/handrail-sdk-ai-assistant-flutter/tool/terminal_pending_test.dart: retains uncertain or unauthorized pending: running bounded=true
00:03 +6: /opt/handrail/repos/handrail/handrail-ai-assistant-sdk/handrail-sdk-ai-assistant-flutter/tool/terminal_pending_test.dart: retains uncertain or unauthorized pending: waiting_for_tool_result bounded=true
00:03 +7: /opt/handrail/repos/handrail/handrail-ai-assistant-sdk/handrail-sdk-ai-assistant-flutter/tool/terminal_pending_test.dart: retains uncertain or unauthorized pending: waiting_for_approval bounded=true
00:03 +8: /opt/handrail/repos/handrail/handrail-ai-assistant-sdk/handrail-sdk-ai-assistant-flutter/tool/terminal_pending_test.dart: retains uncertain or unauthorized pending: 401 bounded=true
00:03 +9: /opt/handrail/repos/handrail/handrail-ai-assistant-sdk/handrail-sdk-ai-assistant-flutter/tool/terminal_pending_test.dart: retains uncertain or unauthorized pending: 403 bounded=true
00:03 +10: /opt/handrail/repos/handrail/handrail-ai-assistant-sdk/handrail-sdk-ai-assistant-flutter/tool/terminal_pending_test.dart: retains uncertain or unauthorized pending: 404 bounded=true
00:03 +11: /opt/handrail/repos/handrail/handrail-ai-assistant-sdk/handrail-sdk-ai-assistant-flutter/tool/terminal_pending_test.dart: retains uncertain or unauthorized pending: 503 bounded=true
00:03 +12: /opt/handrail/repos/handrail/handrail-ai-assistant-sdk/handrail-sdk-ai-assistant-flutter/tool/terminal_pending_test.dart: cold reopen settles exact terminal without replay; bounded=true
00:03 +13: /opt/handrail/repos/handrail/handrail-ai-assistant-sdk/handrail-sdk-ai-assistant-flutter/tool/terminal_pending_test.dart: local cleanup failure retains journal and later converges; bounded=true
00:03 +14: /opt/handrail/repos/handrail/handrail-ai-assistant-sdk/handrail-sdk-ai-assistant-flutter/tool/terminal_pending_test.dart: local delete failure retains journal and later converges; bounded=true
00:03 +15: /opt/handrail/repos/handrail/handrail-ai-assistant-sdk/handrail-sdk-ai-assistant-flutter/tool/terminal_pending_test.dart: local read failure retains journal and later converges; bounded=true
00:03 +16: /opt/handrail/repos/handrail/handrail-ai-assistant-sdk/handrail-sdk-ai-assistant-flutter/tool/terminal_pending_test.dart: cleanup preserves newer text and file selections; bounded=true
00:03 +17: /opt/handrail/repos/handrail/handrail-ai-assistant-sdk/handrail-sdk-ai-assistant-flutter/tool/terminal_pending_test.dart: disposal/account replacement during terminal read cannot clean old account; bounded=true
00:03 +18: /opt/handrail/repos/handrail/handrail-ai-assistant-sdk/handrail-sdk-ai-assistant-flutter/tool/terminal_pending_test.dart: newer pending replacement survives terminal cleanup; bounded=true
00:03 +19: /opt/handrail/repos/handrail/handrail-ai-assistant-sdk/handrail-sdk-ai-assistant-flutter/tool/terminal_pending_test.dart: retains uncertain or unauthorized pending: missing bounded=false
00:03 +20: /opt/handrail/repos/handrail/handrail-ai-assistant-sdk/handrail-sdk-ai-assistant-flutter/tool/terminal_pending_test.dart: retains uncertain or unauthorized pending: foreign bounded=false
00:03 +21: /opt/handrail/repos/handrail/handrail-ai-assistant-sdk/handrail-sdk-ai-assistant-flutter/tool/terminal_pending_test.dart: retains uncertain or unauthorized pending: queued bounded=false
00:03 +22: /opt/handrail/repos/handrail/handrail-ai-assistant-sdk/handrail-sdk-ai-assistant-flutter/tool/terminal_pending_test.dart: retains uncertain or unauthorized pending: running bounded=false
00:03 +23: /opt/handrail/repos/handrail/handrail-ai-assistant-sdk/handrail-sdk-ai-assistant-flutter/tool/terminal_pending_test.dart: retains uncertain or unauthorized pending: waiting_for_tool_result bounded=false
00:03 +24: /opt/handrail/repos/handrail/handrail-ai-assistant-sdk/handrail-sdk-ai-assistant-flutter/tool/terminal_pending_test.dart: retains uncertain or unauthorized pending: waiting_for_approval bounded=false
00:03 +25: /opt/handrail/repos/handrail/handrail-ai-assistant-sdk/handrail-sdk-ai-assistant-flutter/tool/terminal_pending_test.dart: retains uncertain or unauthorized pending: 401 bounded=false
00:03 +26: /opt/handrail/repos/handrail/handrail-ai-assistant-sdk/handrail-sdk-ai-assistant-flutter/tool/terminal_pending_test.dart: retains uncertain or unauthorized pending: 403 bounded=false
00:03 +27: /opt/handrail/repos/handrail/handrail-ai-assistant-sdk/handrail-sdk-ai-assistant-flutter/tool/terminal_pending_test.dart: retains uncertain or unauthorized pending: 404 bounded=false
00:03 +28: /opt/handrail/repos/handrail/handrail-ai-assistant-sdk/handrail-sdk-ai-assistant-flutter/tool/terminal_pending_test.dart: retains uncertain or unauthorized pending: 503 bounded=false
00:03 +29: /opt/handrail/repos/handrail/handrail-ai-assistant-sdk/handrail-sdk-ai-assistant-flutter/tool/terminal_pending_test.dart: cold reopen settles exact terminal without replay; bounded=false
00:03 +30: /opt/handrail/repos/handrail/handrail-ai-assistant-sdk/handrail-sdk-ai-assistant-flutter/tool/terminal_pending_test.dart: local cleanup failure retains journal and later converges; bounded=false
00:03 +31: /opt/handrail/repos/handrail/handrail-ai-assistant-sdk/handrail-sdk-ai-assistant-flutter/tool/terminal_pending_test.dart: local delete failure retains journal and later converges; bounded=false
00:03 +32: /opt/handrail/repos/handrail/handrail-ai-assistant-sdk/handrail-sdk-ai-assistant-flutter/tool/terminal_pending_test.dart: local read failure retains journal and later converges; bounded=false
00:03 +33: /opt/handrail/repos/handrail/handrail-ai-assistant-sdk/handrail-sdk-ai-assistant-flutter/tool/terminal_pending_test.dart: cleanup preserves newer text and file selections; bounded=false
00:03 +34: /opt/handrail/repos/handrail/handrail-ai-assistant-sdk/handrail-sdk-ai-assistant-flutter/tool/terminal_pending_test.dart: disposal/account replacement during terminal read cannot clean old account; bounded=false
00:03 +35: /opt/handrail/repos/handrail/handrail-ai-assistant-sdk/handrail-sdk-ai-assistant-flutter/tool/terminal_pending_test.dart: newer pending replacement survives terminal cleanup; bounded=false
00:03 +36: /opt/handrail/repos/handrail/handrail-ai-assistant-sdk/handrail-sdk-ai-assistant-flutter/tool/terminal_pending_test.dart: acknowledged deletion with lost reply recovers; bounded=true
00:03 +37: /opt/handrail/repos/handrail/handrail-ai-assistant-sdk/handrail-sdk-ai-assistant-flutter/tool/terminal_pending_test.dart: acknowledged deletion with lost read recovers; bounded=true
00:03 +38: /opt/handrail/repos/handrail/handrail-ai-assistant-sdk/handrail-sdk-ai-assistant-flutter/tool/terminal_pending_test.dart: disposal during cleanup retains journal; bounded=true
00:03 +39: /opt/handrail/repos/handrail/handrail-ai-assistant-sdk/handrail-sdk-ai-assistant-flutter/tool/terminal_pending_test.dart: reopen cleanup failure recovers with observation; bounded=true
00:03 +40: /opt/handrail/repos/handrail/handrail-ai-assistant-sdk/handrail-sdk-ai-assistant-flutter/tool/terminal_pending_test.dart: reopen delete failure recovers with observation; bounded=true
00:03 +41: /opt/handrail/repos/handrail/handrail-ai-assistant-sdk/handrail-sdk-ai-assistant-flutter/tool/terminal_pending_test.dart: acknowledged deletion with lost reply recovers; bounded=false
00:03 +42: /opt/handrail/repos/handrail/handrail-ai-assistant-sdk/handrail-sdk-ai-assistant-flutter/tool/terminal_pending_test.dart: acknowledged deletion with lost read recovers; bounded=false
00:03 +43: /opt/handrail/repos/handrail/handrail-ai-assistant-sdk/handrail-sdk-ai-assistant-flutter/tool/terminal_pending_test.dart: disposal during cleanup retains journal; bounded=false
00:03 +44: /opt/handrail/repos/handrail/handrail-ai-assistant-sdk/handrail-sdk-ai-assistant-flutter/tool/terminal_pending_test.dart: reopen cleanup failure recovers with observation; bounded=false
00:03 +45: /opt/handrail/repos/handrail/handrail-ai-assistant-sdk/handrail-sdk-ai-assistant-flutter/tool/terminal_pending_test.dart: reopen delete failure recovers with observation; bounded=false
00:03 +46: /opt/handrail/repos/handrail/handrail-ai-assistant-sdk/handrail-sdk-ai-assistant-flutter/tool/terminal_pending_test.dart: requested turn proof rejects missing control
00:03 +47: /opt/handrail/repos/handrail/handrail-ai-assistant-sdk/handrail-sdk-ai-assistant-flutter/tool/terminal_pending_test.dart: requested turn proof rejects foreign-turn control
00:03 +48: /opt/handrail/repos/handrail/handrail-ai-assistant-sdk/handrail-sdk-ai-assistant-flutter/tool/terminal_pending_test.dart: requested turn proof rejects foreign-conversation control
00:03 +49: /opt/handrail/repos/handrail/handrail-ai-assistant-sdk/handrail-sdk-ai-assistant-flutter/tool/terminal_pending_test.dart: requested turn proof rejects stale control
00:03 +50: /opt/handrail/repos/handrail/handrail-ai-assistant-sdk/handrail-sdk-ai-assistant-flutter/tool/terminal_pending_test.dart: requested turn proof rejects generation control
00:03 +51: /opt/handrail/repos/handrail/handrail-ai-assistant-sdk/handrail-sdk-ai-assistant-flutter/tool/terminal_pending_test.dart: requested turn proof rejects preparing control
00:03 +52: /opt/handrail/repos/handrail/handrail-ai-assistant-sdk/handrail-sdk-ai-assistant-flutter/tool/terminal_pending_test.dart: bounded exact requested turn settles even when latest is a different turn
00:03 +53: /opt/handrail/repos/handrail/handrail-ai-assistant-sdk/handrail-sdk-ai-assistant-flutter/tool/terminal_pending_test.dart: lost start reply settles without retry; bounded=true
00:03 +54: /opt/handrail/repos/handrail/handrail-ai-assistant-sdk/handrail-sdk-ai-assistant-flutter/tool/terminal_pending_test.dart: selection change cancels pending reconciliation; bounded=true
00:03 +55: /opt/handrail/repos/handrail/handrail-ai-assistant-sdk/handrail-sdk-ai-assistant-flutter/tool/terminal_pending_test.dart: lost start reply settles without retry; bounded=false
00:03 +56: /opt/handrail/repos/handrail/handrail-ai-assistant-sdk/handrail-sdk-ai-assistant-flutter/tool/terminal_pending_test.dart: selection change cancels pending reconciliation; bounded=false
00:03 +57: /opt/handrail/repos/handrail/handrail-ai-assistant-sdk/handrail-sdk-ai-assistant-flutter/tool/terminal_pending_test.dart: (tearDownAll)
00:04 +57: loading /opt/handrail/repos/handrail/handrail-ai-assistant-sdk/handrail-sdk-ai-assistant-flutter/tool/transcript_retry_test.dart
00:04 +57: /opt/handrail/repos/handrail/handrail-ai-assistant-sdk/handrail-sdk-ai-assistant-flutter/tool/transcript_retry_test.dart: lost start uses explicit UI Retry once; bounded=true accepted=false
00:07 +58: /opt/handrail/repos/handrail/handrail-ai-assistant-sdk/handrail-sdk-ai-assistant-flutter/tool/transcript_retry_test.dart: lost start uses explicit UI Retry once; bounded=true accepted=true
00:07 +59: /opt/handrail/repos/handrail/handrail-ai-assistant-sdk/handrail-sdk-ai-assistant-flutter/tool/transcript_retry_test.dart: terminal denial Retry enables follow-up without replay; bounded=true
00:08 +60: /opt/handrail/repos/handrail/handrail-ai-assistant-sdk/handrail-sdk-ai-assistant-flutter/tool/transcript_retry_test.dart: selection during Retry read 1 prevents replay; bounded=true
00:09 +61: /opt/handrail/repos/handrail/handrail-ai-assistant-sdk/handrail-sdk-ai-assistant-flutter/tool/transcript_retry_test.dart: reentry during Retry read 1 prevents replay; bounded=true
00:09 +62: /opt/handrail/repos/handrail/handrail-ai-assistant-sdk/handrail-sdk-ai-assistant-flutter/tool/transcript_retry_test.dart: dispose during Retry read 1 prevents replay; bounded=true
00:10 +63: /opt/handrail/repos/handrail/handrail-ai-assistant-sdk/handrail-sdk-ai-assistant-flutter/tool/transcript_retry_test.dart: replacement during Retry read 1 prevents replay; bounded=true
00:10 +64: /opt/handrail/repos/handrail/handrail-ai-assistant-sdk/handrail-sdk-ai-assistant-flutter/tool/transcript_retry_test.dart: selection during Retry read 3 prevents replay; bounded=true
00:11 +65: /opt/handrail/repos/handrail/handrail-ai-assistant-sdk/handrail-sdk-ai-assistant-flutter/tool/transcript_retry_test.dart: reentry during Retry read 3 prevents replay; bounded=true
00:11 +66: /opt/handrail/repos/handrail/handrail-ai-assistant-sdk/handrail-sdk-ai-assistant-flutter/tool/transcript_retry_test.dart: dispose during Retry read 3 prevents replay; bounded=true
00:12 +67: /opt/handrail/repos/handrail/handrail-ai-assistant-sdk/handrail-sdk-ai-assistant-flutter/tool/transcript_retry_test.dart: replacement during Retry read 3 prevents replay; bounded=true
00:12 +68: /opt/handrail/repos/handrail/handrail-ai-assistant-sdk/handrail-sdk-ai-assistant-flutter/tool/transcript_retry_test.dart: Retry retains pending on 401; bounded=true
00:12 +69: /opt/handrail/repos/handrail/handrail-ai-assistant-sdk/handrail-sdk-ai-assistant-flutter/tool/transcript_retry_test.dart: Retry retains pending on 403; bounded=true
00:13 +70: /opt/handrail/repos/handrail/handrail-ai-assistant-sdk/handrail-sdk-ai-assistant-flutter/tool/transcript_retry_test.dart: Retry retains pending on 503; bounded=true
00:13 +71: /opt/handrail/repos/handrail/handrail-ai-assistant-sdk/handrail-sdk-ai-assistant-flutter/tool/transcript_retry_test.dart: Retry retains pending on busy; bounded=true
00:14 +72: /opt/handrail/repos/handrail/handrail-ai-assistant-sdk/handrail-sdk-ai-assistant-flutter/tool/transcript_retry_test.dart: Retry retains pending on archived; bounded=true
00:14 +73: /opt/handrail/repos/handrail/handrail-ai-assistant-sdk/handrail-sdk-ai-assistant-flutter/tool/transcript_retry_test.dart: Retry retains pending on storage; bounded=true
00:14 +74: /opt/handrail/repos/handrail/handrail-ai-assistant-sdk/handrail-sdk-ai-assistant-flutter/tool/transcript_retry_test.dart: read-only Retry without pending recovers history; bounded=true
00:14 +75: /opt/handrail/repos/handrail/handrail-ai-assistant-sdk/handrail-sdk-ai-assistant-flutter/tool/transcript_retry_test.dart: lost start uses explicit UI Retry once; bounded=false accepted=false
00:15 +76: /opt/handrail/repos/handrail/handrail-ai-assistant-sdk/handrail-sdk-ai-assistant-flutter/tool/transcript_retry_test.dart: lost start uses explicit UI Retry once; bounded=false accepted=true
00:15 +77: /opt/handrail/repos/handrail/handrail-ai-assistant-sdk/handrail-sdk-ai-assistant-flutter/tool/transcript_retry_test.dart: terminal denial Retry enables follow-up without replay; bounded=false
00:15 +78: /opt/handrail/repos/handrail/handrail-ai-assistant-sdk/handrail-sdk-ai-assistant-flutter/tool/transcript_retry_test.dart: selection during Retry read 1 prevents replay; bounded=false
00:16 +79: /opt/handrail/repos/handrail/handrail-ai-assistant-sdk/handrail-sdk-ai-assistant-flutter/tool/transcript_retry_test.dart: reentry during Retry read 1 prevents replay; bounded=false
00:16 +80: /opt/handrail/repos/handrail/handrail-ai-assistant-sdk/handrail-sdk-ai-assistant-flutter/tool/transcript_retry_test.dart: dispose during Retry read 1 prevents replay; bounded=false
00:16 +81: /opt/handrail/repos/handrail/handrail-ai-assistant-sdk/handrail-sdk-ai-assistant-flutter/tool/transcript_retry_test.dart: replacement during Retry read 1 prevents replay; bounded=false
00:16 +82: /opt/handrail/repos/handrail/handrail-ai-assistant-sdk/handrail-sdk-ai-assistant-flutter/tool/transcript_retry_test.dart: selection during Retry read 3 prevents replay; bounded=false
00:17 +83: /opt/handrail/repos/handrail/handrail-ai-assistant-sdk/handrail-sdk-ai-assistant-flutter/tool/transcript_retry_test.dart: reentry during Retry read 3 prevents replay; bounded=false
00:17 +84: /opt/handrail/repos/handrail/handrail-ai-assistant-sdk/handrail-sdk-ai-assistant-flutter/tool/transcript_retry_test.dart: dispose during Retry read 3 prevents replay; bounded=false
00:17 +85: /opt/handrail/repos/handrail/handrail-ai-assistant-sdk/handrail-sdk-ai-assistant-flutter/tool/transcript_retry_test.dart: replacement during Retry read 3 prevents replay; bounded=false
00:17 +86: /opt/handrail/repos/handrail/handrail-ai-assistant-sdk/handrail-sdk-ai-assistant-flutter/tool/transcript_retry_test.dart: Retry retains pending on 401; bounded=false
00:17 +87: /opt/handrail/repos/handrail/handrail-ai-assistant-sdk/handrail-sdk-ai-assistant-flutter/tool/transcript_retry_test.dart: Retry retains pending on 403; bounded=false
00:18 +88: /opt/handrail/repos/handrail/handrail-ai-assistant-sdk/handrail-sdk-ai-assistant-flutter/tool/transcript_retry_test.dart: Retry retains pending on 503; bounded=false
00:18 +89: /opt/handrail/repos/handrail/handrail-ai-assistant-sdk/handrail-sdk-ai-assistant-flutter/tool/transcript_retry_test.dart: Retry retains pending on busy; bounded=false
00:18 +90: /opt/handrail/repos/handrail/handrail-ai-assistant-sdk/handrail-sdk-ai-assistant-flutter/tool/transcript_retry_test.dart: Retry retains pending on archived; bounded=false
00:18 +91: /opt/handrail/repos/handrail/handrail-ai-assistant-sdk/handrail-sdk-ai-assistant-flutter/tool/transcript_retry_test.dart: Retry retains pending on storage; bounded=false
00:18 +92: /opt/handrail/repos/handrail/handrail-ai-assistant-sdk/handrail-sdk-ai-assistant-flutter/tool/transcript_retry_test.dart: read-only Retry without pending recovers history; bounded=false
00:18 +93: /opt/handrail/repos/handrail/handrail-ai-assistant-sdk/handrail-sdk-ai-assistant-flutter/tool/transcript_retry_test.dart: catalog Retry observes recovered empty history without creating
00:19 +94: /opt/handrail/repos/handrail/handrail-ai-assistant-sdk/handrail-sdk-ai-assistant-flutter/tool/transcript_retry_test.dart: catalog Retry observes recovered existing history without creating
00:19 +95: /opt/handrail/repos/handrail/handrail-ai-assistant-sdk/handrail-sdk-ai-assistant-flutter/tool/transcript_retry_test.dart: explicit Retry rejects foreign-turn exact-turn proof
00:19 +96: /opt/handrail/repos/handrail/handrail-ai-assistant-sdk/handrail-sdk-ai-assistant-flutter/tool/transcript_retry_test.dart: explicit Retry rejects foreign-conversation exact-turn proof
00:19 +97: /opt/handrail/repos/handrail/handrail-ai-assistant-sdk/handrail-sdk-ai-assistant-flutter/tool/transcript_retry_test.dart: explicit Retry rejects stale exact-turn proof
00:19 +98: /opt/handrail/repos/handrail/handrail-ai-assistant-sdk/handrail-sdk-ai-assistant-flutter/tool/transcript_retry_test.dart: explicit Retry rejects generation exact-turn proof
00:20 +99: /opt/handrail/repos/handrail/handrail-ai-assistant-sdk/handrail-sdk-ai-assistant-flutter/tool/transcript_retry_test.dart: explicit Retry rejects preparing exact-turn proof
00:20 +100: loading /opt/handrail/repos/handrail/handrail-ai-assistant-sdk/handrail-sdk-ai-assistant-flutter/packages/handrail_ai_widgets/test/draft_controller_test.dart
00:21 +100: /opt/handrail/repos/handrail/handrail-ai-assistant-sdk/handrail-sdk-ai-assistant-flutter/packages/handrail_ai_widgets/test/draft_controller_test.dart: replayed origin removes only its exact saved revision after recreation
00:21 +101: /opt/handrail/repos/handrail/handrail-ai-assistant-sdk/handrail-sdk-ai-assistant-flutter/packages/handrail_ai_widgets/test/draft_controller_test.dart: origin capture does not identify a newer edit written while it waits
00:21 +102: /opt/handrail/repos/handrail/handrail-ai-assistant-sdk/handrail-sdk-ai-assistant-flutter/packages/handrail_ai_widgets/test/draft_controller_test.dart: typing during cleanup survives immediate owner disposal and flush
00:21 +103: /opt/handrail/repos/handrail/handrail-ai-assistant-sdk/handrail-sdk-ai-assistant-flutter/packages/handrail_ai_widgets/test/draft_controller_test.dart: cleanup preserves another writer without rebasing over unseen text
00:21 +104: /opt/handrail/repos/handrail/handrail-ai-assistant-sdk/handrail-sdk-ai-assistant-flutter/packages/handrail_ai_widgets/test/draft_controller_test.dart: typing during restoration wins and admission preserves later edits
00:21 +105: /opt/handrail/repos/handrail/handrail-ai-assistant-sdk/handrail-sdk-ai-assistant-flutter/packages/handrail_ai_widgets/test/draft_controller_test.dart: coalesces slow writes and flushes before disposing account text
00:21 +106: /opt/handrail/repos/handrail/handrail-ai-assistant-sdk/handrail-sdk-ai-assistant-flutter/packages/handrail_ai_widgets/test/draft_controller_test.dart: storage conflict retains the editor until an explicit reload
00:21 +107: /opt/handrail/repos/handrail/handrail-ai-assistant-sdk/handrail-sdk-ai-assistant-flutter/packages/handrail_ai_widgets/test/draft_controller_test.dart: retry reconciles the original revision with later draft null
00:21 +108: /opt/handrail/repos/handrail/handrail-ai-assistant-sdk/handrail-sdk-ai-assistant-flutter/packages/handrail_ai_widgets/test/draft_controller_test.dart: retry reconciles the original revision with later draft 
00:21 +109: /opt/handrail/repos/handrail/handrail-ai-assistant-sdk/handrail-sdk-ai-assistant-flutter/packages/handrail_ai_widgets/test/draft_controller_test.dart: retry reconciles the original revision with later draft later
00:21 +110: /opt/handrail/repos/handrail/handrail-ai-assistant-sdk/handrail-sdk-ai-assistant-flutter/packages/handrail_ai_widgets/test/draft_controller_test.dart: retry reconciles the original revision with later draft original
00:21 +111: /opt/handrail/repos/handrail/handrail-ai-assistant-sdk/handrail-sdk-ai-assistant-flutter/packages/handrail_ai_widgets/test/draft_controller_test.dart: retry without this draft submission identity cannot clear text
00:21 +112: /opt/handrail/repos/handrail/handrail-ai-assistant-sdk/handrail-sdk-ai-assistant-flutter/packages/handrail_ai_widgets/test/draft_controller_test.dart: acceptance clears only the submitted revision after completed
00:21 +113: /opt/handrail/repos/handrail/handrail-ai-assistant-sdk/handrail-sdk-ai-assistant-flutter/packages/handrail_ai_widgets/test/draft_controller_test.dart: acceptance clears only the submitted revision after failed
00:21 +114: /opt/handrail/repos/handrail/handrail-ai-assistant-sdk/handrail-sdk-ai-assistant-flutter/packages/handrail_ai_widgets/test/draft_controller_test.dart: acceptance clears only the submitted revision after cancelled
00:21 +115: /opt/handrail/repos/handrail/handrail-ai-assistant-sdk/handrail-sdk-ai-assistant-flutter/packages/handrail_ai_widgets/test/draft_controller_test.dart: keeps edits before admission, including a return to identical text
00:21 +116: /opt/handrail/repos/handrail/handrail-ai-assistant-sdk/handrail-sdk-ai-assistant-flutter/packages/handrail_ai_widgets/test/draft_controller_test.dart: ignores old callbacks after scope reset or disposal
00:21 +117: /opt/handrail/repos/handrail/handrail-ai-assistant-sdk/handrail-sdk-ai-assistant-flutter/packages/handrail_ai_widgets/test/draft_controller_test.dart: retains a deliberate empty draft after an admitted failure
00:21 +118: loading /opt/handrail/repos/handrail/handrail-ai-assistant-sdk/handrail-sdk-ai-assistant-flutter/packages/handrail_ai_widgets/test/composer_drafts_test.dart
00:21 +118: /opt/handrail/repos/handrail/handrail-ai-assistant-sdk/handrail-sdk-ai-assistant-flutter/packages/handrail_ai_widgets/test/composer_drafts_test.dart: a blank unassigned composer preserves the saved chat draft on reload
00:21 +119: /opt/handrail/repos/handrail/handrail-ai-assistant-sdk/handrail-sdk-ai-assistant-flutter/packages/handrail_ai_widgets/test/composer_drafts_test.dart: a slow save retains its old text budget after editor disposal
00:21 +120: /opt/handrail/repos/handrail/handrail-ai-assistant-sdk/handrail-sdk-ai-assistant-flutter/packages/handrail_ai_widgets/test/composer_drafts_test.dart: text budgets preserve edits across chats, pending sends and restoration
00:21 +121: /opt/handrail/repos/handrail/handrail-ai-assistant-sdk/handrail-sdk-ai-assistant-flutter/packages/handrail_ai_widgets/test/composer_drafts_test.dart: text count is bounded even when all unsaved drafts are very small
00:21 +122: /opt/handrail/repos/handrail/handrail-ai-assistant-sdk/handrail-sdk-ai-assistant-flutter/packages/handrail_ai_widgets/test/composer_drafts_test.dart: a capacity-blocked saved draft remains in storage and can be reopened
00:21 +123: /opt/handrail/repos/handrail/handrail-ai-assistant-sdk/handrail-sdk-ai-assistant-flutter/packages/handrail_ai_widgets/test/composer_drafts_test.dart: oversized paste preserves the previous draft and its send revision
00:21 +124: /opt/handrail/repos/handrail/handrail-ai-assistant-sdk/handrail-sdk-ai-assistant-flutter/packages/handrail_ai_widgets/test/composer_drafts_test.dart: empty drafts are evicted without storage while unsaved text survives
00:21 +125: /opt/handrail/repos/handrail/handrail-ai-assistant-sdk/handrail-sdk-ai-assistant-flutter/packages/handrail_ai_widgets/test/composer_drafts_test.dart: file budgets span chats and reject additions atomically
00:21 +126: /opt/handrail/repos/handrail/handrail-ai-assistant-sdk/handrail-sdk-ai-assistant-flutter/packages/handrail_ai_widgets/test/composer_drafts_test.dart: opaque host selections still obey the account file-count limit
00:21 +127: /opt/handrail/repos/handrail/handrail-ai-assistant-sdk/handrail-sdk-ai-assistant-flutter/packages/handrail_ai_widgets/test/composer_drafts_test.dart: accepted sends retain their file budget until callbacks settle
00:21 +128: /opt/handrail/repos/handrail/handrail-ai-assistant-sdk/handrail-sdk-ai-assistant-flutter/packages/handrail_ai_widgets/test/composer_drafts_test.dart: cancelled host transfers keep their permit and retry identity
00:21 +129: /opt/handrail/repos/handrail/handrail-ai-assistant-sdk/handrail-sdk-ai-assistant-flutter/packages/handrail_ai_widgets/test/composer_drafts_test.dart: removing a cancelled transfer cannot bypass the retained byte limit
00:21 +130: /opt/handrail/repos/handrail/handrail-ai-assistant-sdk/handrail-sdk-ai-assistant-flutter/packages/handrail_ai_widgets/test/composer_drafts_test.dart: selection snapshots upload bytes once and rejects invalid replacements
00:21 +131: /opt/handrail/repos/handrail/handrail-ai-assistant-sdk/handrail-sdk-ai-assistant-flutter/packages/handrail_ai_widgets/test/composer_drafts_test.dart: persists separate chats across controller replacement and discards only the selected journal
00:21 +132: /opt/handrail/repos/handrail/handrail-ai-assistant-sdk/handrail-sdk-ai-assistant-flutter/packages/handrail_ai_widgets/test/composer_drafts_test.dart: adopts unassigned text and releases old saved idle controllers without losing their drafts
00:21 +133: /opt/handrail/repos/handrail/handrail-ai-assistant-sdk/handrail-sdk-ai-assistant-flutter/packages/handrail_ai_widgets/test/composer_drafts_test.dart: Stop retains the upload key; removal and admission release it once
00:21 +134: /opt/handrail/repos/handrail/handrail-ai-assistant-sdk/handrail-sdk-ai-assistant-flutter/packages/handrail_ai_widgets/test/composer_drafts_test.dart: discard, replacement and account disposal release separate drafts
00:21 +135: /opt/handrail/repos/handrail/handrail-ai-assistant-sdk/handrail-sdk-ai-assistant-flutter/packages/handrail_ai_widgets/test/composer_drafts_test.dart: reopening a saved send acknowledges only its captured conversation draft
00:21 +136: /opt/handrail/repos/handrail/handrail-ai-assistant-sdk/handrail-sdk-ai-assistant-flutter/packages/handrail_ai_widgets/test/composer_drafts_test.dart: admission clears only submitted selections in their own chat
00:21 +137: /opt/handrail/repos/handrail/handrail-ai-assistant-sdk/handrail-sdk-ai-assistant-flutter/packages/handrail_ai_widgets/test/composer_drafts_test.dart: failed upload keeps text/files; retry admission clears original only
00:21 +138: /opt/handrail/repos/handrail/handrail-ai-assistant-sdk/handrail-sdk-ai-assistant-flutter/packages/handrail_ai_widgets/test/composer_drafts_test.dart: discard and dispose invalidate background admission safely
00:21 +139: loading /opt/handrail/repos/handrail/handrail-ai-assistant-sdk/handrail-sdk-ai-assistant-flutter/packages/handrail_ai_widgets/test/assistant_workspace_test.dart
00:22 +139: /opt/handrail/repos/handrail/handrail-ai-assistant-sdk/handrail-sdk-ai-assistant-flutter/packages/handrail_ai_widgets/test/assistant_workspace_test.dart: verified selected deletion clears the composer on publication
00:23 +140: /opt/handrail/repos/handrail/handrail-ai-assistant-sdk/handrail-sdk-ai-assistant-flutter/packages/handrail_ai_widgets/test/assistant_workspace_test.dart: standard binding restores files and exposes retry at width 390.0, scale 1.0
00:23 +141: /opt/handrail/repos/handrail/handrail-ai-assistant-sdk/handrail-sdk-ai-assistant-flutter/packages/handrail_ai_widgets/test/assistant_workspace_test.dart: standard binding restores files and exposes retry at width 320.0, scale 2.0
00:24 +142: /opt/handrail/repos/handrail/handrail-ai-assistant-sdk/handrail-sdk-ai-assistant-flutter/packages/handrail_ai_widgets/test/assistant_workspace_test.dart: standard binding captures durable origins and owns replay cleanup outside the view
00:24 +143: /opt/handrail/repos/handrail/handrail-ai-assistant-sdk/handrail-sdk-ai-assistant-flutter/packages/handrail_ai_widgets/test/assistant_workspace_test.dart: capacity errors keep the editor usable and are announced
00:24 +144: /opt/handrail/repos/handrail/handrail-ai-assistant-sdk/handrail-sdk-ai-assistant-flutter/packages/handrail_ai_widgets/test/assistant_workspace_test.dart: standard composer restores encrypted-adapter text and presents save failure/retry without losing edits
00:24 +145: /opt/handrail/repos/handrail/handrail-ai-assistant-sdk/handrail-sdk-ai-assistant-flutter/packages/handrail_ai_widgets/test/assistant_workspace_test.dart: account replacement excludes a late Clear confirmation
00:24 +146: /opt/handrail/repos/handrail/handrail-ai-assistant-sdk/handrail-sdk-ai-assistant-flutter/packages/handrail_ai_widgets/test/assistant_workspace_test.dart: single conversation Clear is explicit and preserves drafts at width 390.0
00:25 +147: /opt/handrail/repos/handrail/handrail-ai-assistant-sdk/handrail-sdk-ai-assistant-flutter/packages/handrail_ai_widgets/test/assistant_workspace_test.dart: single conversation Clear is explicit and preserves drafts at width 1200.0
00:25 +148: /opt/handrail/repos/handrail/handrail-ai-assistant-sdk/handrail-sdk-ai-assistant-flutter/packages/handrail_ai_widgets/test/assistant_workspace_test.dart: default workspace request passes the installed JS protocol parser
00:25 +149: /opt/handrail/repos/handrail/handrail-ai-assistant-sdk/handrail-sdk-ai-assistant-flutter/packages/handrail_ai_widgets/test/assistant_workspace_test.dart: platform editor hooks preserve the shared composer
00:25 +150: /opt/handrail/repos/handrail/handrail-ai-assistant-sdk/handrail-sdk-ai-assistant-flutter/packages/handrail_ai_widgets/test/assistant_workspace_test.dart: pending approval remains visible without messages or tool activity
00:26 +151: /opt/handrail/repos/handrail/handrail-ai-assistant-sdk/handrail-sdk-ai-assistant-flutter/packages/handrail_ai_widgets/test/assistant_workspace_test.dart: confirmed deletion discards only that conversation’s drafts and files
00:26 +152: /opt/handrail/repos/handrail/handrail-ai-assistant-sdk/handrail-sdk-ai-assistant-flutter/packages/handrail_ai_widgets/test/assistant_workspace_test.dart: clearing account drafts while expanded detaches the old editor safely
00:26 +153: /opt/handrail/repos/handrail/handrail-ai-assistant-sdk/handrail-sdk-ai-assistant-flutter/packages/handrail_ai_widgets/test/assistant_workspace_test.dart: hides the routine counter but explains an overlong draft
00:26 +154: /opt/handrail/repos/handrail/handrail-ai-assistant-sdk/handrail-sdk-ai-assistant-flutter/packages/handrail_ai_widgets/test/assistant_workspace_test.dart: business slots and editor settings retain default controls and submission gates
00:26 +155: /opt/handrail/repos/handrail/handrail-ai-assistant-sdk/handrail-sdk-ai-assistant-flutter/packages/handrail_ai_widgets/test/assistant_workspace_test.dart: minimal workspace supplies history, transcript, voice, files and admission-safe sending
00:27 +156: /opt/handrail/repos/handrail/handrail-ai-assistant-sdk/handrail-sdk-ai-assistant-flutter/packages/handrail_ai_widgets/test/assistant_workspace_test.dart: upload preserves origin, context, approval and later conversation drafts
00:27 +157: /opt/handrail/repos/handrail/handrail-ai-assistant-sdk/handrail-sdk-ai-assistant-flutter/packages/handrail_ai_widgets/test/assistant_workspace_test.dart: replacement account excludes late admission and resets approval controls
00:27 +158: /opt/handrail/repos/handrail/handrail-ai-assistant-sdk/handrail-sdk-ai-assistant-flutter/packages/handrail_ai_widgets/test/assistant_workspace_test.dart: an account change closes approval settings from the previous account
00:27 +159: /opt/handrail/repos/handrail/handrail-ai-assistant-sdk/handrail-sdk-ai-assistant-flutter/packages/handrail_ai_widgets/test/assistant_workspace_test.dart: default workspace remains usable at width 320.0 and text scale 2.0
00:27 +160: /opt/handrail/repos/handrail/handrail-ai-assistant-sdk/handrail-sdk-ai-assistant-flutter/packages/handrail_ai_widgets/test/assistant_workspace_test.dart: default workspace remains usable at width 1000.0 and text scale 1.0
00:27 +161: All tests passed!
