Resolving dependencies...
Downloading packages...
+ _fe_analyzer_shared 68.0.0 (109.0.0 available)
+ _macros 0.1.0 from sdk dart
+ analyzer 6.5.0 (14.5.0 available)
+ args 2.7.0
+ async 2.13.1
+ boolean_selector 2.1.2
+ cli_config 0.2.0
+ collection 1.19.1
+ convert 3.1.2
+ coverage 1.15.1
+ crypto 3.0.7
+ file 7.0.1
+ frontend_server_client 4.0.0 (4.1.0 available)
+ glob 2.2.0
+ http 1.6.0
+ http_multi_server 3.2.2
+ http_parser 4.1.2
+ io 1.1.0
+ js 0.7.1 (0.7.2 available)
+ logging 1.3.0
+ macros 0.1.0-main.0 (0.1.3-main.0 available)
+ matcher 0.12.16+1 (0.12.20 available)
+ meta 1.16.0 (1.19.0 available)
+ mime 2.1.0
+ node_preamble 2.0.2
+ package_config 2.2.0 (3.0.0 available)
+ path 1.9.1
+ pool 1.5.3
+ pub_semver 2.2.1
+ shelf 1.4.2
+ shelf_packages_handler 3.0.2
+ shelf_static 1.1.3
+ shelf_web_socket 2.0.1 (3.0.0 available)
+ source_map_stack_trace 2.1.2
+ source_maps 0.10.14
+ source_span 1.10.2
+ stack_trace 1.12.2
+ stream_channel 2.1.4
+ string_scanner 1.4.1
+ term_glyph 1.2.2
+ test 1.25.8 (1.32.0 available)
+ test_api 0.7.3 (0.7.14 available)
+ test_core 0.6.5 (0.6.20 available)
+ typed_data 1.3.2 (1.4.0 available)
+ vm_service 14.3.1 (15.3.0 available)
+ watcher 1.2.1
+ web 1.1.1
+ web_socket 1.0.1
+ web_socket_channel 3.0.3
+ webkit_inspection_protocol 1.2.1
+ yaml 3.1.4
Changed 51 dependencies!
14 packages have newer versions incompatible with dependency constraints.
Try `dart pub outdated` for more information.
