The new artifact "libimobiledevice" was downloaded, but Flutter failed to update its stamp file, receiving the error "FileSystemException: Cannot open file, path = '/opt/handrail/.handrail/flutter-sdk/bin/cache/libimobiledevice.stamp' (OS Error: Read-only file system, errno = 30)". Flutter can continue, but the artifact may be re-downloaded on subsequent invocations until the problem is resolved.
The new artifact "libusbmuxd" was downloaded, but Flutter failed to update its stamp file, receiving the error "FileSystemException: Cannot open file, path = '/opt/handrail/.handrail/flutter-sdk/bin/cache/libusbmuxd.stamp' (OS Error: Read-only file system, errno = 30)". Flutter can continue, but the artifact may be re-downloaded on subsequent invocations until the problem is resolved.
00:00 +0: loading /opt/handrail/repos/handrail/handrail-ai-assistant-sdk/handrail-sdk-ai-assistant-flutter/tool/read_volume_journey_test.dart
00:00 +0: complete request budget journey at 390.0
read-volume gateway http://127.0.0.1:43145
read-volume 390 new
read-volume 390 completed new
read-volume 390 ordinary-70-delta
read-volume 390 completed ordinary-70-delta
read-volume 390 ordinary-second
read-volume 390 completed ordinary-second
read-volume 390 navigation-return
read-volume 390 completed navigation-return
read-volume 390 reload-one
read-volume 390 completed reload-one
read-volume 390 reload-retained-intent
read-volume 390 completed reload-retained-intent
read-volume 390 exact-once-retry
read-volume 390 completed exact-once-retry
read-volume 390 reload-two
read-volume 390 completed reload-two
read-volume 390 held-stop
read-volume 390 completed held-stop
read-volume 390 new-one-admission
read-volume 390 completed new-one-admission
read-volume 390 reload-three-reopen-both
read-volume 390 completed reload-three-reopen-both
read-volume 390 diagnostic-lists
read-volume 390 completed diagnostic-lists
00:21 +1: complete request budget journey at 1440.0
read-volume gateway http://127.0.0.1:32813
read-volume 1440 new
read-volume 1440 completed new
read-volume 1440 ordinary-70-delta
read-volume 1440 completed ordinary-70-delta
read-volume 1440 ordinary-second
read-volume 1440 completed ordinary-second
read-volume 1440 navigation-return
read-volume 1440 completed navigation-return
read-volume 1440 reload-one
read-volume 1440 completed reload-one
read-volume 1440 reload-retained-intent
read-volume 1440 completed reload-retained-intent
read-volume 1440 exact-once-retry
read-volume 1440 completed exact-once-retry
read-volume 1440 reload-two
read-volume 1440 completed reload-two
read-volume 1440 held-stop
read-volume 1440 completed held-stop
read-volume 1440 new-one-admission
read-volume 1440 completed new-one-admission
read-volume 1440 reload-three-reopen-both
read-volume 1440 completed reload-three-reopen-both
read-volume 1440 diagnostic-lists
read-volume 1440 completed diagnostic-lists
00:41 +2: All tests passed!
