00:00 +0: loading /opt/handrail/repos/handrail/handrail-ai-assistant-sdk/handrail-sdk-ai-assistant-flutter/tool/presend_composer_test.dart                                                             00:00 +0 -1: loading /opt/handrail/repos/handrail/handrail-ai-assistant-sdk/handrail-sdk-ai-assistant-flutter/tool/presend_composer_test.dart [E]                                                      
  Error: 
  package:flutter_tools/src/base/common.dart 34:3          throwToolExit
  package:flutter_tools/src/dart/package_map.dart 94:5     loadPackageConfigWithLogging
  ===== asynchronous gap ===========================
  package:flutter_tools/src/flutter_plugins.dart 110:39    findPlugins
  ===== asynchronous gap ===========================
  package:flutter_tools/src/flutter_plugins.dart 1748:32   generateMainDartWithPluginRegistrant
  ===== asynchronous gap ===========================
  package:flutter_tools/src/test/test_compiler.dart 230:9  TestCompiler._onCompilationRequest
  
/opt/handrail/repos/handrail/handrail-ai-assistant-sdk/handrail-sdk-ai-assistant-flutter/.dart_tool/widget-compatibility-composer-XowBGD/packages/handrail_ai_widgets/.dart_tool/package_config.json does not exist.
Did you run this command from the same directory as your pubspec.yaml file?
node:internal/child_process:1120
    result.error = new ErrnoException(result.error, 'spawnSync ' + options.file);
                   ^

Error: spawnSync /opt/handrail/repos/handrail/handrail-ai-assistant-sdk/handrail-sdk-ai-assistant-flutter/.dart_tool/presend-review-flutter-supported/flutter/bin/cache/dart-sdk/bin/dart ETIMEDOUT
    at Object.spawnSync (node:internal/child_process:1120:20)
    at spawnSync (node:child_process:902:24)
    at file:///opt/handrail/repos/handrail/handrail-ai-assistant-sdk/handrail-sdk-ai-assistant-flutter/.dart_tool/widget-compatibility-composer-XowBGD/run-presend-trace.mjs:113:18
    at ModuleJob.run (node:internal/modules/esm/module_job:343:25)
    at async onImport.tracePromise.__proto__ (node:internal/modules/esm/loader:681:26)
    at async asyncRunEntryPointWithESMLoader (node:internal/modules/run_main:117:5) {
  errno: -110,
  code: 'ETIMEDOUT',
  syscall: 'spawnSync /opt/handrail/repos/handrail/handrail-ai-assistant-sdk/handrail-sdk-ai-assistant-flutter/.dart_tool/presend-review-flutter-supported/flutter/bin/cache/dart-sdk/bin/dart',
  path: '/opt/handrail/repos/handrail/handrail-ai-assistant-sdk/handrail-sdk-ai-assistant-flutter/.dart_tool/presend-review-flutter-supported/flutter/bin/cache/dart-sdk/bin/dart',
  spawnargs: [
    '/opt/handrail/repos/handrail/handrail-ai-assistant-sdk/handrail-sdk-ai-assistant-flutter/.dart_tool/presend-review-flutter-supported/flutter/bin/cache/flutter_tools.snapshot',
    '--no-version-check',
    '--packages',
    '/opt/handrail/repos/handrail/handrail-ai-assistant-sdk/handrail-sdk-ai-assistant-flutter/.dart_tool/presend-krxdi8/.dart_tool/package_config.json',
    'test',
    '--no-pub',
    '--concurrency=1',
    '/opt/handrail/repos/handrail/handrail-ai-assistant-sdk/handrail-sdk-ai-assistant-flutter/tool/presend_composer_test.dart'
  ]
}

Node.js v22.23.1
